MSBuild version 18.10.1-1.26427.6+3cd27c13e for .NET Framework

  Workphone.vcxproj -> C:\dev\Workphone\bin\windows\v145\x64\MD\RelWithDebInfo\Workphone.dll
  WPAssimp.vcxproj -> C:\dev\Workphone\bin\windows\v145\x64\MD\RelWithDebInfo\WPAssimp.dll
  WPImGui.vcxproj -> C:\dev\Workphone\libs\windows\v145\x64\MD\RelWithDebInfo\WPImGui.lib
  WorkphoneCore.vcxproj -> C:\dev\Workphone\libs\windows\v145\x64\MD\RelWithDebInfo\WorkphoneCore.lib
  WorkphoneGraphics.vcxproj -> C:\dev\Workphone\libs\windows\v145\x64\MD\RelWithDebInfo\WorkphoneGraphics.lib
  WorkphonePlatformWin32.vcxproj -> C:\dev\Workphone\libs\windows\v145\x64\MD\RelWithDebInfo\WorkphonePlatformWin32.lib
  WPGraphics.vcxproj -> C:\dev\Workphone\bin\windows\v145\x64\MD\RelWithDebInfo\WPGraphics.dll
  VehicleBind.cpp
  WPLuaBind.vcxproj -> C:\dev\Workphone\libs\windows\v145\x64\MD\RelWithDebInfo\WPLuaBind.lib
     Creating library C:/dev/Workphone/libs/windows/v145/x64/MD/RelWithDebInfo/WPLua.lib and object C:/dev/Workphone/libs/windows/v145/x64/MD/RelWithDebInfo/WPLua.exp
  WPLua.vcxproj -> C:\dev\Workphone\bin\windows\v145\x64\MD\RelWithDebInfo\WPLua.dll
  WorkphoneCollision.vcxproj -> C:\dev\Workphone\libs\windows\v145\x64\MD\RelWithDebInfo\WorkphoneCollision.lib
  WorkphonePhysics.vcxproj -> C:\dev\Workphone\libs\windows\v145\x64\MD\RelWithDebInfo\WorkphonePhysics.lib
  WPPhysics.vcxproj -> C:\dev\Workphone\bin\windows\v145\x64\MD\RelWithDebInfo\WPPhysics.dll
  WPSQLite.vcxproj -> C:\dev\Workphone\bin\windows\v145\x64\MD\RelWithDebInfo\WPSQLite.dll
  EditorPCH.cpp
  EditorApplication.cpp
  EditorTypes.cpp
  AddPromptEvaluator.cpp
  PromptEvaluator.cpp
  PromptGoal.cpp
  RemovePromptEvaluator.cpp
  Main.cpp
  AddActorCmd.cpp
  AddComponentCmd.cpp
  AddNewSceneCmd.cpp
  AddNewScriptCmd.cpp
  AddResourceCmd.cpp
  Command.cpp
  CommandList.cpp
  CommandStringList.cpp
  DragDropActorCmd.cpp
  DuplicateSelectionCmd.cpp
  EditCommandsUtil.cpp
  FileMenuCmd.cpp
  ModifyPropertyCmd.cpp
  Generating Code...
  Compiling...
  PasteSelectionCmd.cpp
  PromptCmd.cpp
  RemoveResourceCmd.cpp
  RemoveSelectionCmd.cpp
  ToggleEditorCamera.cpp
  EditorCursor.cpp
  EditorManager.cpp
  Project.cpp
  AssetDatabaseBuildJob.cpp
  AssetImportJob.cpp
  CompileProjectJob.cpp
  CopyEngineFilesJob.cpp
  CreateCodeProjectJob.cpp
  CreatePluginCodeJob.cpp
  FileSelectedJob.cpp
  GenerateLighting.cpp
  GenerateSkybox.cpp
  ImportUnityYaml.cpp
  JobAddScriptEvent.cpp
  JobGenerateScript.cpp
  Generating Code...
  Compiling...
  JobOpenScript.cpp
  JobRendererSetup.cpp
  JobRestoreTree.cpp
  JobSaveTree.cpp
  LeavePlaymodeJob.cpp
  OpenSceneJob.cpp
  OptimiseDatabasesJob.cpp
  PlaymodeJob.cpp
  ProjectAssetsDropJob.cpp
  ProjectCleanJob.cpp
  ReloadScriptsJob.cpp
  SaveProjectJob.cpp
  SaveSceneJob.cpp
  SceneDropJob.cpp
  SetupMaterialJob.cpp
  ShowDebugJob.cpp
  PlayModeTests.cpp
  ProcedrualComponentsTests.cpp
  ProceduralTests.cpp
  ProjectTests.cpp
  Generating Code...
  Compiling...
  SceneTests.cpp
  ScriptTests.cpp
  TerrainTests.cpp
  UITests.cpp
  _UnitTests.cpp
  ActorWindow.cpp
  AddDialog.cpp
  AnimationGraphWindow.cpp
  AnimationWindow.cpp
  AssetDatabaseWindow.cpp
  AssetEditor.cpp
  CollisionMaskDialog.cpp
  CollisionMaskManager.cpp
  CutsceneWindow.cpp
  EditorWindow.cpp
  EventListenerWindow.cpp
  EventWindow.cpp
  EventsWindow.cpp
  FileViewWindow.cpp
  FileWindow.cpp
  Generating Code...
  Compiling...
  InputManagerWindow.cpp
  LayerDialog.cpp
  LayerManager.cpp
  MaterialWindow.cpp
  ObjectBrowserDialog.cpp
  ObjectWindow.cpp
  OutputConsole.cpp
  ProfilerWindow.cpp
  ProjectAssetsWindow.cpp
  ProjectTreeData.cpp
  ProjectWindow.cpp
  PropertiesWindow.cpp
  ResourceDatabaseDialog.cpp
  ResourceSelect.cpp
  ResourceWindow.cpp
  SceneWindow.cpp
  ScriptWindow.cpp
  TagDialog.cpp
  TagManager.cpp
  TerrainWindow.cpp
  Generating Code...
  Compiling...
  TransformWindow.cpp
  UIManager.cpp
  Generating Code...
  Editor.vcxproj -> C:\dev\Workphone\bin\windows\v145\x64\MD\RelWithDebInfo\Editor.exe
MSBuild version 18.10.1-1.26427.6+3cd27c13e for .NET Framework

  WPLuaBind.vcxproj -> C:\dev\Workphone\libs\windows\v145\x64\MD\RelWithDebInfo\WPLuaBind.lib
  Workphone.vcxproj -> C:\dev\Workphone\bin\windows\v145\x64\MD\RelWithDebInfo\Workphone.dll
  WPLua.vcxproj -> C:\dev\Workphone\bin\windows\v145\x64\MD\RelWithDebInfo\WPLua.dll
MSBuild version 18.10.1-1.26427.6+3cd27c13e for .NET Framework

  Workphone.vcxproj -> C:\dev\Workphone\bin\windows\v145\x64\MD\RelWithDebInfo\Workphone.dll
  WPImGui.vcxproj -> C:\dev\Workphone\libs\windows\v145\x64\MD\RelWithDebInfo\WPImGui.lib
  WorkphoneCore.vcxproj -> C:\dev\Workphone\libs\windows\v145\x64\MD\RelWithDebInfo\WorkphoneCore.lib
  WorkphoneGraphics.vcxproj -> C:\dev\Workphone\libs\windows\v145\x64\MD\RelWithDebInfo\WorkphoneGraphics.lib
  WorkphonePlatformWin32.vcxproj -> C:\dev\Workphone\libs\windows\v145\x64\MD\RelWithDebInfo\WorkphonePlatformWin32.lib
  WPGraphics.vcxproj -> C:\dev\Workphone\bin\windows\v145\x64\MD\RelWithDebInfo\WPGraphics.dll
  WPProceduralPCH.cpp
  Area.cpp
  BlockNode.cpp
  CBlockGenerator.cpp
  CCityBlock.cpp
  CCollisionManager.cpp
  CProceduralCity.cpp
  CProceduralCityCenter.cpp
  CProceduralManager.cpp
  CProceduralScene.cpp
  CProceduralTerrain.cpp
  CProceduralTexture.cpp
  CProceduralWorld.cpp
  CRoad.cpp
  CRoadConnection.cpp
  CRoadConnectionData.cpp
  CRoadElement.cpp
  CRoadGenerator.cpp
C:\dev\Workphone\Engine\cpp\Source\WPProcedural\CRoadGenerator.cpp(364,45): warning C4018: '<': signed/unsigned mismatch [C:\dev\Workphone\project_x64\Engine\cpp\Project\WPProcedural\WPProcedural.vcxproj]
  (compiling source file '../../../../../Engine/cpp/Source/WPProcedural/CRoadGenerator.cpp')
  
C:\dev\Workphone\Engine\cpp\Source\WPProcedural\CRoadGenerator.cpp(593,73): warning C4267: '=': conversion from 'size_t' to 'workphone::u32', possible loss of data [C:\dev\Workphone\project_x64\Engine\cpp\Project\WPProcedural\WPProcedural.vcxproj]
  (compiling source file '../../../../../Engine/cpp/Source/WPProcedural/CRoadGenerator.cpp')
  
  CRoadGeneratorCity.cpp
  CRoadGeneratorGrid.cpp
  CRoadHitPoint.cpp
  Generating Code...
  Compiling...
  CRoadMeshElement.cpp
  CRoadNetwork.cpp
  CRoadNode.cpp
  CRoadSection.cpp
  CTerrainGenerator.cpp
C:\dev\Workphone\Engine\cpp\Source\WPProcedural\CTerrainGenerator.cpp(3,10): warning C4067: unexpected tokens following preprocessor directive - expected a newline [C:\dev\Workphone\project_x64\Engine\cpp\Project\WPProcedural\WPProcedural.vcxproj]
  (compiling source file '../../../../../Engine/cpp/Source/WPProcedural/CTerrainGenerator.cpp')
  
  CTerrainGeneratorDefault.cpp
  CWorldGenerator.cpp
  CityCenter.cpp
  CityGeneratorDefault.cpp
  LRule.cpp
  LSystem.cpp
C:\dev\Workphone\Engine\cpp\Source\WPProcedural\LSystem\LSystem.cpp(124,39): warning C4267: '=': conversion from 'size_t' to 'int', possible loss of data [C:\dev\Workphone\project_x64\Engine\cpp\Project\WPProcedural\WPProcedural.vcxproj]
  (compiling source file '../../../../../Engine/cpp/Source/WPProcedural/LSystem/LSystem.cpp')
  
  MeshFace.cpp
  MeshGeneratorDefault.cpp
  ProceduralModel.cpp
  ProceduralServices.cpp
  ProceduralTexture.cpp
  RoadGeneratorUtil.cpp
  RoadMesh.cpp
  WPBuildingGenerator.cpp
  WPGeometryKit.cpp
C:\dev\Workphone\Engine\cpp\Source\WPProcedural\WPGeometryKit.cpp(22,39): warning C4273: 'workphone::procedural::WPGeometryKit::chamferedBox': inconsistent dll linkage [C:\dev\Workphone\project_x64\Engine\cpp\Project\WPProcedural\WPProcedural.vcxproj]
  (compiling source file '../../../../../Engine/cpp/Source/WPProcedural/WPGeometryKit.cpp')
      C:\dev\Workphone\Engine\cpp\Include\WPProcedural\WPGeometryKit.hpp(45,35):
      see previous definition of 'workphone::procedural::WPGeometryKit::chamferedBox'
  
C:\dev\Workphone\Engine\cpp\Source\WPProcedural\WPGeometryKit.cpp(100,39): warning C4273: 'workphone::procedural::WPGeometryKit::plainBox': inconsistent dll linkage [C:\dev\Workphone\project_x64\Engine\cpp\Project\WPProcedural\WPProcedural.vcxproj]
  (compiling source file '../../../../../Engine/cpp/Source/WPProcedural/WPGeometryKit.cpp')
      C:\dev\Workphone\Engine\cpp\Include\WPProcedural\WPGeometryKit.hpp(50,35):
      see previous definition of 'workphone::procedural::WPGeometryKit::plainBox'
  
C:\dev\Workphone\Engine\cpp\Source\WPProcedural\WPGeometryKit.cpp(143,39): warning C4273: 'workphone::procedural::WPGeometryKit::quad': inconsistent dll linkage [C:\dev\Workphone\project_x64\Engine\cpp\Project\WPProcedural\WPProcedural.vcxproj]
  (compiling source file '../../../../../Engine/cpp/Source/WPProcedural/WPGeometryKit.cpp')
      C:\dev\Workphone\Engine\cpp\Include\WPProcedural\WPGeometryKit.hpp(53,35):
      see previous definition of 'workphone::procedural::WPGeometryKit::quad'
  
C:\dev\Workphone\Engine\cpp\Source\WPProcedural\WPGeometryKit.cpp(175,39): warning C4273: 'workphone::procedural::WPGeometryKit::sandbag': inconsistent dll linkage [C:\dev\Workphone\project_x64\Engine\cpp\Project\WPProcedural\WPProcedural.vcxproj]
  (compiling source file '../../../../../Engine/cpp/Source/WPProcedural/WPGeometryKit.cpp')
      C:\dev\Workphone\Engine\cpp\Include\WPProcedural\WPGeometryKit.hpp(65,35):
      see previous definition of 'workphone::procedural::WPGeometryKit::sandbag'
  
C:\dev\Workphone\Engine\cpp\Source\WPProcedural\WPGeometryKit.cpp(299,39): warning C4273: 'workphone::procedural::WPGeometryKit::rock': inconsistent dll linkage [C:\dev\Workphone\project_x64\Engine\cpp\Project\WPProcedural\WPProcedural.vcxproj]
  (compiling source file '../../../../../Engine/cpp/Source/WPProcedural/WPGeometryKit.cpp')
      C:\dev\Workphone\Engine\cpp\Include\WPProcedural\WPGeometryKit.hpp(74,35):
      see previous definition of 'workphone::procedural::WPGeometryKit::rock'
  
C:\dev\Workphone\Engine\cpp\Source\WPProcedural\WPGeometryKit.cpp(357,39): warning C4273: 'workphone::procedural::WPGeometryKit::polyPrism': inconsistent dll linkage [C:\dev\Workphone\project_x64\Engine\cpp\Project\WPProcedural\WPProcedural.vcxproj]
  (compiling source file '../../../../../Engine/cpp/Source/WPProcedural/WPGeometryKit.cpp')
      C:\dev\Workphone\Engine\cpp\Include\WPProcedural\WPGeometryKit.hpp(77,35):
      see previous definition of 'workphone::procedural::WPGeometryKit::polyPrism'
  
C:\dev\Workphone\Engine\cpp\Source\WPProcedural\WPGeometryKit.cpp(432,39): warning C4273: 'workphone::procedural::WPGeometryKit::cylinder': inconsistent dll linkage [C:\dev\Workphone\project_x64\Engine\cpp\Project\WPProcedural\WPProcedural.vcxproj]
  (compiling source file '../../../../../Engine/cpp/Source/WPProcedural/WPGeometryKit.cpp')
      C:\dev\Workphone\Engine\cpp\Include\WPProcedural\WPGeometryKit.hpp(85,35):
      see previous definition of 'workphone::procedural::WPGeometryKit::cylinder'
  
C:\dev\Workphone\Engine\cpp\Source\WPProcedural\WPGeometryKit.cpp(506,39): warning C4273: 'workphone::procedural::WPGeometryKit::tube': inconsistent dll linkage [C:\dev\Workphone\project_x64\Engine\cpp\Project\WPProcedural\WPProcedural.vcxproj]
  (compiling source file '../../../../../Engine/cpp/Source/WPProcedural/WPGeometryKit.cpp')
      C:\dev\Workphone\Engine\cpp\Include\WPProcedural\WPGeometryKit.hpp(90,35):
      see previous definition of 'workphone::procedural::WPGeometryKit::tube'
  
C:\dev\Workphone\Engine\cpp\Source\WPProcedural\WPGeometryKit.cpp(514,39): warning C4273: 'workphone::procedural::WPGeometryKit::cloth': inconsistent dll linkage [C:\dev\Workphone\project_x64\Engine\cpp\Project\WPProcedural\WPProcedural.vcxproj]
  (compiling source file '../../../../../Engine/cpp/Source/WPProcedural/WPGeometryKit.cpp')
      C:\dev\Workphone\Engine\cpp\Include\WPProcedural\WPGeometryKit.hpp(102,35):
      see previous definition of 'workphone::procedural::WPGeometryKit::cloth'
  
C:\dev\Workphone\Engine\cpp\Source\WPProcedural\WPGeometryKit.cpp(574,39): warning C4273: 'workphone::procedural::WPGeometryKit::stairRun': inconsistent dll linkage [C:\dev\Workphone\project_x64\Engine\cpp\Project\WPProcedural\WPProcedural.vcxproj]
  (compiling source file '../../../../../Engine/cpp/Source/WPProcedural/WPGeometryKit.cpp')
      C:\dev\Workphone\Engine\cpp\Include\WPProcedural\WPGeometryKit.hpp(117,35):
      see previous definition of 'workphone::procedural::WPGeometryKit::stairRun'
  
C:\dev\Workphone\Engine\cpp\Source\WPProcedural\WPGeometryKit.cpp(621,39): warning C4273: 'workphone::procedural::WPGeometryKit::patch': inconsistent dll linkage [C:\dev\Workphone\project_x64\Engine\cpp\Project\WPProcedural\WPProcedural.vcxproj]
  (compiling source file '../../../../../Engine/cpp/Source/WPProcedural/WPGeometryKit.cpp')
      C:\dev\Workphone\Engine\cpp\Include\WPProcedural\WPGeometryKit.hpp(125,35):
      see previous definition of 'workphone::procedural::WPGeometryKit::patch'
  
C:\dev\Workphone\Engine\cpp\Source\WPProcedural\WPGeometryKit.cpp(643,29): warning C4273: 'workphone::procedural::WPGeometryKit::warpMesh': inconsistent dll linkage [C:\dev\Workphone\project_x64\Engine\cpp\Project\WPProcedural\WPProcedural.vcxproj]
  (compiling source file '../../../../../Engine/cpp/Source/WPProcedural/WPGeometryKit.cpp')
      C:\dev\Workphone\Engine\cpp\Include\WPProcedural\WPGeometryKit.hpp(133,25):
      see previous definition of 'workphone::procedural::WPGeometryKit::warpMesh'
  
  Generating Code...
  Compiling...
  WPNoise.cpp
  WPProcedural.cpp
  WPProceduralPipeline.cpp
  WPRoadSystem.cpp
  WPSkyAtmosphere.cpp
  WPTextureForge.cpp
  WPVehicleAppearance.cpp
  WPVehicleDamage.cpp
  WPVehicleDynamics.cpp
  WPVehicleEffects.cpp
  WPVehicleGenerator.cpp
  WPVehicleGeometry.cpp
  WPVehiclePhysics.cpp
  WPVehiclePresentation.cpp
  Generating Code...
LINK : fatal error LNK1168: cannot open C:\dev\Workphone\bin\windows\v145\x64\MD\RelWithDebInfo\WPProcedural.dll for writing [C:\dev\Workphone\project_x64\Engine\cpp\Project\WPProcedural\WPProcedural.vcxproj]
