MSBuild version 18.10.1-1.26427.6+3cd27c13e for .NET Framework

  WPLuaBindPCH.cpp
  WorkphonePCH.cpp
  AiBind.cpp
  AnimationBind.cpp
  AiManager.cpp
  AiScene.cpp
  AiTrack.cpp
  AiTrackElement.cpp
  Learning.cpp
  MLP.cpp
  VehicleAi.cpp
  ComponentBind.cpp
  VehicleAiManager.cpp
  ComponentsUIBind.cpp
  ActorAnimationTrack.cpp
  AnimationEventTimeline.cpp
  AnimationFrameTime.cpp
  AnimationGraph.cpp
  AnimationGraphNodes.cpp
  AnimationInterface.cpp
  AnimationKeyFrame.cpp
  AnimationMorphKeyFrame.cpp
  AnimationNumericTrack.cpp
  AnimationPoseKeyFrame.cpp
  AnimationSyncTrack.cpp
  CoreBind.cpp
  AnimationTimeIndex.cpp
  AnimationTrack.cpp
  AnimationVertexTrack.cpp
  AnimationIKSystem.cpp
  TwoBoneIK.cpp
  KeyFrameAnimator2.cpp
  KeyFrameAnimator3.cpp
  DatabaseBind.cpp
  FSMBind.cpp
  KeyFrameTransform2.cpp
  KeyFrameTransform3.cpp
  GraphicsBind.cpp
  Application.cpp
  ApplicationUtil.cpp
  IOBind.cpp
  InputBind.cpp
  AtomicFixedString.cpp
  AtomicNumber.cpp
  AtomicString.cpp
  AtomicTypes.cpp
  ByteSwap.cpp
  MathBind.cpp
  CharacterPoolAllocator.cpp
  MeshBind.cpp
  ColourF.cpp
  ColourI.cpp
  ColourUtil.cpp
  DataUtil.cpp
  DebugTrace.cpp
  Exception.cpp
  NetBind.cpp
  FileInfo.cpp
  Grid2.cpp
