MSBuild version 18.10.1-1.26427.6+3cd27c13e for .NET Framework

  ApplicationUtil.cpp
  Grid2.cpp
  Grid3.cpp
  Handle.cpp
  JsonParser.cpp
  JsonValue.cpp
  JsonWriter.cpp
  LRUCache.cpp
  LogManagerDefault.cpp
  Parameter.cpp
  ParameterUtil.cpp
  Path.cpp
  Properties.cpp
  PropertiesBinarySerializer.cpp
  Property.cpp
  RegistrySettings.cpp
  Resolution.cpp
  Serializer.cpp
  String.cpp
  StringBuffer.cpp
  Generating Code...
  Compiling...
  StringPoolAllocator.cpp
  StringUtil.cpp
  UUID.cpp
  Util.cpp
  XmlUtil.cpp
  AssetDatabaseManager.cpp
  DatabaseManager.cpp
  ResourceDatabase.cpp
  ResourceReference.cpp
  BillboardSet.cpp
  ComputeShader.cpp
  Debug.cpp
  DebugCircle.cpp
  DebugLine.cpp
  DebugText.cpp
  DecalCursor.cpp
  DisableScreenSave.cpp
  DynamicLines.cpp
  DynamicMesh.cpp
  Font.cpp
  Generating Code...
  Compiling...
  FontManager.cpp
  GraphicsCamera.cpp
  GraphicsCubemap.cpp
  GraphicsLight.cpp
  GraphicsMesh.cpp
  GraphicsPipeline.cpp
  GraphicsScene.cpp
  GraphicsSceneNode.cpp
  GraphicsSettings.cpp
  GraphicsSkeleton.cpp
  GraphicsSystem.cpp
  GraphicsUtil.cpp
  GraphicsWindow.cpp
  MaterialManager.cpp
  MaterialPass.cpp
  MaterialShader.cpp
  MaterialShaderParameters.cpp
  MaterialTechnique.cpp
  MaterialTexture.cpp
  Overlay.cpp
  Generating Code...
  Compiling...
  ParticleAffector.cpp
  ParticleEmitter.cpp
  ParticleManager.cpp
  ParticleTechnique.cpp
  RenderTargetListener.cpp
  Shader.cpp
  Sky.cpp
  SkySphere.cpp
  SkyboxCube.cpp
  SkyboxPlane.cpp
  Terrain.cpp
  TerrainBlendMapImpl.cpp
  TerrainRayResult.cpp
  Texture.cpp
  TextureManager.cpp
  Video.cpp
  VideoManager.cpp
  Viewport.cpp
  DataStream.cpp
  FileDataStream.cpp
  Generating Code...
  Compiling...
  FileList.cpp
  FileListener.cpp
  FileSystem.cpp
C:\dev\Workphone\Engine\cpp\Source\Workphone\IO\FileSystem.cpp(147,21): warning C4150: deletion of pointer to incomplete type 'FW::FileWatcher'; no destructor called [C:\dev\Workphone\project_x64\Engine\cpp\Project\Workphone\Workphone.vcxproj]
  (compiling source file '../../../../../Engine/cpp/Source/Workphone/IO/FileSystem.cpp')
      C:\dev\Workphone\Engine\cpp\Include\Workphone\IO\FileSystem.hpp(12,11):
      see declaration of 'FW::FileWatcher'
  
  FileSystemArchive.cpp
  FolderListing.cpp
  MemoryFile.cpp
  NativeFileDialog.cpp
  ObfuscatedZipArchive.cpp
  ObfuscatedZipFile.cpp
  ZipArchive.cpp
  ZipFile.cpp
  ZipUtil.cpp
  AxisConfigurationData.cpp
  AxisData.cpp
  ExternalKeymap.cpp
  GameInput.cpp
  GameInputMap.cpp
  GameInputState.cpp
  InputActionData.cpp
  InputConfiguration.cpp
  Generating Code...
  Compiling...
  InputDeviceManager.cpp
  InputEvent.cpp
  InputFunction.cpp
  InputManager.cpp
  InputManagerExt.cpp
  InputRecorder.cpp
  Joystick.cpp
  JoystickState.cpp
  KeyboardState.cpp
  MouseState.cpp
  IAi.cpp
  IAiAgent.cpp
  IAiCompositeGoal.cpp
  IAiGoal.cpp
  IAiGoalEvaluator.cpp
  IAiManager.cpp
  IAiScene.cpp
  IAiSensoryMemory.cpp
  IAiSteering3.cpp
  IAiTargeting3.cpp
  Generating Code...
  Compiling...
  IAiTargetingSystem.cpp
  IAiTrack.cpp
  IAiTrackElement.cpp
  IAiWaypoint.cpp
  ILearning.cpp
  INeuralNetwork.cpp
  IPathNode2.cpp
  IPathNode3.cpp
  IPathfinder2.cpp
  IPathfinder3.cpp
  IVehicleAi.cpp
  IVehicleAiManager.cpp
  IActorAnimationTrack.cpp
  IAnimation.cpp
  IAnimationContainer.cpp
  IAnimationInterface.cpp
  IAnimationKeyFrame.cpp
  IAnimationMorphKeyFrame.cpp
  IAnimationNumericTrack.cpp
  IAnimationPoseKeyFrame.cpp
  Generating Code...
  Compiling...
  IAnimationTimeIndex.cpp
  IAnimationTrack.cpp
  IAnimationVertexTrack.cpp
  IAnimator.cpp
  IDatabase.cpp
  IDatabaseManager.cpp
  IDatabaseQuery.cpp
  IAnimationController.cpp
  IAnimationControllerListener.cpp
  IAnimationStateController.cpp
  IAnimationTextureControl.cpp
  IBillboard.cpp
  IBillboardSet.cpp
  IComputeShader.cpp
  IDebug.cpp
  IDebugCircle.cpp
  IDebugLine.cpp
  IDebugText.cpp
  IDecalCursor.cpp
  IDynamicLines.cpp
  Generating Code...
  Compiling...
  IDynamicMesh.cpp
  IFont.cpp
  IFontManager.cpp
  IFrustum.cpp
  IGraphicsCamera.cpp
  IGraphicsCubemap.cpp
  IGraphicsDeferredShading.cpp
  IGraphicsLight.cpp
  IGraphicsMesh.cpp
  IGraphicsNode.cpp
  IGraphicsObject.cpp
  IGraphicsPipeline.cpp
  IGraphicsScene.cpp
  IGraphicsSceneNode.cpp
  IGraphicsSkeleton.cpp
  IGraphicsSystem.cpp
  IGraphicsTerrain.cpp
  IGraphicsWater.cpp
  IGraphicsWindow.cpp
  IGraphicsWindowEvent.cpp
  Generating Code...
  Compiling...
  IGraphicsWindowListener.cpp
  IInstanceManager.cpp
  IInstancedObject.cpp
  ILightmap.cpp
  ILightmapper.cpp
  IMaterial.cpp
  IMaterialManager.cpp
  IMaterialNode.cpp
  IMaterialNodeAnimatedTexture.cpp
  IMaterialPass.cpp
  IMaterialShader.cpp
  IMaterialTechnique.cpp
  IMaterialTexture.cpp
  IMeshConverter.cpp
  IOverlay.cpp
  IOverlayElement.cpp
  IOverlayElementContainer.cpp
  IOverlayElementText.cpp
  IOverlayElementVector.cpp
  IOverlayManager.cpp
  Generating Code...
  Compiling...
  IParticle.cpp
  IParticleAffector.cpp
  IParticleEmitter.cpp
  IParticleManager.cpp
  IParticleNode.cpp
  IParticleRenderer.cpp
  IParticleSystem.cpp
  IParticleTechnique.cpp
  IRenderTarget.cpp
  IRenderTexture.cpp
  IRenderer.cpp
  IRenderer2.cpp
  IRenderer3.cpp
  IShader.cpp
  IShaderManager.cpp
  ISky.cpp
  ISkySphere.cpp
  ISkybox.cpp
  ISkyboxCube.cpp
  ISkyboxPlane.cpp
  Generating Code...
  Compiling...
  ISprite.cpp
  ITerrainBlendMap.cpp
  ITexture.cpp
  ITextureManager.cpp
  IVideo.cpp
  IVideoManager.cpp
  IVideoMaterial.cpp
  IVideoStream.cpp
  IVideoTexture.cpp
  IViewport.cpp
  IVolumeRenderer.cpp
  IApplication.cpp
  IApplicationManager.cpp
  IBuildDirector.cpp
  IArchive.cpp
  IFileList.cpp
  IFileListener.cpp
  IFileSystem.cpp
  IFolderExplorer.cpp
  INativeFileDialog.cpp
  Generating Code...
  Compiling...
  IStream.cpp
  IObjectBuilder.cpp
  IPrototype.cpp
  IChordDetector.cpp
  IGameInput.cpp
  IGameInputMap.cpp
  IGameInputState.cpp
  IInputAction.cpp
  IInputConverter.cpp
  IInputDeviceManager.cpp
  IInputEvent.cpp
  IInputManager.cpp
  IJoystick.cpp
  IJoystickState.cpp
  IKeyboardState.cpp
  IKeymap.cpp
  IMouseState.cpp
  ISequenceDetector.cpp
  ITapDetector.cpp
  IData.cpp
  Generating Code...
  Compiling...
  IObject.cpp
  ISharedObject.cpp
  ISharedObjectListener.cpp
  IIndexBuffer.cpp
  IMesh.cpp
  IMeshLoader.cpp
  IMeshPose.cpp
  IMeshResource.cpp
  ISkeleton.cpp
  ISubMesh.cpp
  IVertexBoneAssignment.cpp
  IVertexBuffer.cpp
  IVertexDeclaration.cpp
  IVertexElement.cpp
  INetworkListener.cpp
  INetworkManager.cpp
  INetworkPlayer.cpp
  INetworkStream.cpp
  INetworkView.cpp
  IPacket.cpp
  Generating Code...
  Compiling...
  ISystemAddress.cpp
  IBoxShape2.cpp
  IBoxShape3.cpp
  ICharacterController2.cpp
  ICharacterController3.cpp
  IConstraintD6.cpp
  IConstraintDrive.cpp
  IConstraintFixed2.cpp
  IConstraintFixed3.cpp
  IConstraintLimit.cpp
  IMassData2.cpp
  IMassData3.cpp
  IMeshShape.cpp
  IPhysicsBody2D.cpp
  IPhysicsBody3.cpp
  IPhysicsBodyEffect2.cpp
  IPhysicsBodyEffectSnap2.cpp
  IPhysicsCompositeShape3.cpp
  IPhysicsConstraint.cpp
  IPhysicsConstraint2.cpp
  Generating Code...
  Compiling...
  IPhysicsConstraint3.cpp
  IPhysicsDebug.cpp
  IPhysicsEffect2.cpp
  IPhysicsManager.cpp
  IPhysicsManager2D.cpp
  IPhysicsMaterial2.cpp
  IPhysicsMaterial3.cpp
  IPhysicsParticle2.cpp
  IPhysicsParticle3.cpp
  IPhysicsScene2.cpp
  IPhysicsScene3.cpp
  IPhysicsShape.cpp
  IPhysicsShape2.cpp
  IPhysicsShape3.cpp
  IPhysicsSoftBody2.cpp
  IPhysicsSoftBody3.cpp
  IPhysicsSpring.cpp
  IPhysicsVehicle3.cpp
  IPhysicsVehicleInput3.cpp
  IPhysicsVehicleWheel3.cpp
  Generating Code...
  Compiling...
  IPlaneShape3.cpp
  IRaycastHit.cpp
  IRigidBody2.cpp
  IRigidBody3.cpp
  IRigidDynamic3.cpp
  IRigidStatic3.cpp
  ISphereShape2.cpp
  ISphereShape3.cpp
  ITerrainShape.cpp
  ICityBlock.cpp
  ICityGenerator.cpp
  ICityMap.cpp
  ILSystem.cpp
  ILSystemRule.cpp
  ILot.cpp
  IMeshGenerator.cpp
  IProceduralCity.cpp
  IProceduralCityCenter.cpp
  IProceduralGenerator.cpp
  IProceduralManager.cpp
  Generating Code...
  Compiling...
  IProceduralMesh.cpp
  IProceduralModelRule.cpp
  IProceduralModelSystem.cpp
  IProceduralNode.cpp
  IProceduralObject.cpp
  IProceduralScene.cpp
  IProceduralTerrain.cpp
  IProceduralTexture.cpp
  IRoad.cpp
  IRoadConnection.cpp
  IRoadConnectionData.cpp
  IRoadElement.cpp
  IRoadGenerator.cpp
  IRoadHitPoint.cpp
  IRoadMeshElement.cpp
  IRoadNetwork.cpp
  IRoadNode.cpp
  IRoadSystem.cpp
  ISkyAtmosphere.cpp
  ITerrainGenerator.cpp
  Generating Code...
  Compiling...
  ITextureForge.cpp
  IVehicleAppearance.cpp
  IVehicleDamage.cpp
  IVehicleDynamics.cpp
  IVehicleEffects.cpp
  IVehicleGenerator.cpp
  IVehicleGeometry.cpp
  IVehiclePhysics.cpp
  IVehiclePresentation.cpp
  IWorldGenerator.cpp
  ProceduralAssetTypes.cpp
  RoadMesh.cpp
  IResource.cpp
  IResourceDatabase.cpp
  IResourceGroupManager.cpp
  IResourceManager.cpp
  IResourceReference.cpp
  ICameraManager.cpp
  IComponent.cpp
  IComponentEvent.cpp
  Generating Code...
  Compiling...
  IComponentEventListener.cpp
  IComponentSystem.cpp
  IGameActor.cpp
  IGameEditor.cpp
  IGameManager.cpp
  IGamePrefab.cpp
  IGamePrefabManager.cpp
  IGameScene.cpp
  IGameSceneBuilder.cpp
  ISubComponent.cpp
  ITransform.cpp
  IScript.cpp
  IScriptBreakpoint.cpp
  IScriptClass.cpp
  IScriptData.cpp
  IScriptEvent.cpp
  IScriptFunction.cpp
  IScriptGenerator.cpp
  IScriptInvoker.cpp
  IScriptManager.cpp
  Generating Code...
  Compiling...
  IScriptObject.cpp
  IScriptReceiver.cpp
  IScriptUserData.cpp
  IScriptVariable.cpp
  IAudioBusBuffers.cpp
  IAudioEffect.cpp
  IAudioEffectDelay.cpp
  IAudioEffectVolume.cpp
  IAudioProcessData.cpp
  ISound.cpp
  ISoundEvent.cpp
  ISoundEventGroup.cpp
  ISoundEventParam.cpp
  ISoundListener3.cpp
  ISoundManager.cpp
  ISoundPlayer.cpp
  ISoundProject.cpp
  ICommand.cpp
  ICommandManager.cpp
  IConfigFile.cpp
  Generating Code...
  Compiling...
  ICoroutineData.cpp
  IEditorManager.cpp
  IEvent.cpp
  IEventListener.cpp
  IFSM.cpp
  IFSMListener.cpp
  IFSMManager.cpp
  IFactory.cpp
  IFactoryManager.cpp
  IFrameStatistics.cpp
  IJob.cpp
  IJobGroup.cpp
  IJobQueue.cpp
  ILogManager.cpp
  IPackageManager.cpp
  IPluginManager.cpp
  IProcessManager.cpp
  IProfile.cpp
  IProfiler.cpp
  IProject.cpp
  Generating Code...
  Compiling...
  IProjectManager.cpp
  ISelectionManager.cpp
  IState.cpp
  IStateContext.cpp
  IStateListener.cpp
  IStateManager.cpp
  IStateMessage.cpp
  IStateQueue.cpp
  ITask.cpp
  ITaskLock.cpp
  ITaskManager.cpp
  ITest.cpp
  ITestManager.cpp
  IThreadPool.cpp
  ITimer.cpp
  IWorkerThread.cpp
  IUIAbout.cpp
  IUIAnimatedMaterial.cpp
  IUIAnimator.cpp
  IUIApplication.cpp
  Generating Code...
  Compiling...
  IUIBar.cpp
  IUIButton.cpp
  IUICheckbox.cpp
  IUICollapsingHeader.cpp
  IUIColourPicker.cpp
  IUICursor.cpp
  IUIDataGrid.cpp
  IUIDial.cpp
  IUIDialogBox.cpp
  IUIDragSource.cpp
  IUIDropTarget.cpp
  IUIDropdown.cpp
  IUIElement.cpp
  IUIEvent.cpp
  IUIEventWindow.cpp
  IUIFileBrowser.cpp
  IUIFrame.cpp
  IUIGrid.cpp
  IUIHorizontalLayout.cpp
  IUIImage.cpp
  Generating Code...
  Compiling...
  IUIImageArray.cpp
  IUIInputManager.cpp
  IUILabelDropdownPair.cpp
  IUILabelSliderPair.cpp
  IUILabelTextInputPair.cpp
  IUILabelTogglePair.cpp
  IUILayoutContainer.cpp
  IUILayoutWindow.cpp
  IUIManager.cpp
  IUIMenu.cpp
  IUIMenuItem.cpp
  IUIMenubar.cpp
  IUIOutputConsole.cpp
  IUIProfileWindow.cpp
  IUIProfilerWindow.cpp
  IUIProgressBar.cpp
  IUIPropertyGrid.cpp
  IUIRenderWindow.cpp
  IUIScrollingText.cpp
  IUISearchBar.cpp
  Generating Code...
  Compiling...
  IUISeparator.cpp
  IUISlider.cpp
  IUISpinner.cpp
  IUITabBar.cpp
  IUITabItem.cpp
  IUITerrainEditor.cpp
  IUIText.cpp
  IUITextEntry.cpp
  IUIToggle.cpp
  IUIToggleGroup.cpp
  IUIToolbar.cpp
  IUITreeCtrl.cpp
  IUITreeNode.cpp
  IUIVector2.cpp
  IUIVector3.cpp
  IUIVector4.cpp
  IUIVerticalLayout.cpp
  IUIWindow.cpp
  IAerodymanicsWind.cpp
  IAerofoil.cpp
  Generating Code...
  Compiling...
  IAircraft.cpp
  IAircraftBody.cpp
  IAircraftCallback.cpp
  IAircraftControlSurface.cpp
  IAircraftPlane.cpp
  IAircraftPowerUnit.cpp
  IAircraftPropWash.cpp
  IAircraftPropeller.cpp
  IAircraftPropellerUnit.cpp
  IAircraftTurbineUnit.cpp
  IAircraftWing.cpp
  IBatteryPack.cpp
  IDifferential.cpp
  IDriveTrain.cpp
  IDrone.cpp
  IESController.cpp
  IElectricMotor.cpp
  IFourWheelVehicle.cpp
  IGearBox.cpp
  IGroundEffect.cpp
  Generating Code...
  Compiling...
  IHelicopter.cpp
  ITruckVehicle.cpp
  IVehicle.cpp
  IVehicleBody.cpp
  IVehicleCallback.cpp
  IVehicleComponent.cpp
  IVehicleManager.cpp
  IVehiclePowerUnit.cpp
  IWheelComponent.cpp
  ActorEnableJob.cpp
  ActorLoadJob.cpp
  CameraManagerReset.cpp
  CreateRigidBodies.cpp
  EventJob.cpp
  FlagSetJob.cpp
  ImportResourceJob.cpp
  JobCreatePackage.cpp
  LoadPluginJob.cpp
  ObjectUpdateJob.cpp
  RunCommandJob.cpp
  Generating Code...
  Compiling...
  SceneClearJob.cpp
  SceneLoadJob.cpp
  UnloadPluginJob.cpp
  AABB2.cpp
  AABB3.cpp
  CollisionTests.cpp
  Cylinder3.cpp
  Euler.cpp
  FalloffGenerator.cpp
  Frustum3.cpp
  InterpolatorNonUniform3.cpp
  InterpolatorNonUniform4.cpp
  Line2.cpp
  Line3.cpp
  LinearSpline1.cpp
  LinearSpline2.cpp
  LinearSpline3.cpp
  LinearSpline4.cpp
  LookupCurve.cpp
  LookupTable.cpp
  Generating Code...
  Compiling...
  Math.cpp
C:\Program Files\Microsoft Visual Studio\18\Community\VC\Tools\MSVC\14.51.36231\include\stdfloat(12): warning STL4038: The contents of <stdfloat> are available only with C++23 or later. [C:\dev\Workphone\project_x64\Engine\cpp\Project\Workphone\Workphone.vcxproj]
C:\dev\Workphone\Engine\cpp\Source\Workphone\Math\Math.cpp(23,19): warning C4661: 'T workphone::Math<T>::RangedRandom(T,T,workphone::s32)': no suitable definition provided for explicit template instantiation request [C:\dev\Workphone\project_x64\Engine\cpp\Project\Workphone\Workphone.vcxproj]
C:\dev\Workphone\Engine\cpp\Source\Workphone\Math\Math.cpp(23,19): warning C4661:         with [C:\dev\Workphone\project_x64\Engine\cpp\Project\Workphone\Workphone.vcxproj]
C:\dev\Workphone\Engine\cpp\Source\Workphone\Math\Math.cpp(23,19): warning C4661:         [ [C:\dev\Workphone\project_x64\Engine\cpp\Project\Workphone\Workphone.vcxproj]
C:\dev\Workphone\Engine\cpp\Source\Workphone\Math\Math.cpp(23,19): warning C4661:             T=workphone::s8 [C:\dev\Workphone\project_x64\Engine\cpp\Project\Workphone\Workphone.vcxproj]
C:\dev\Workphone\Engine\cpp\Source\Workphone\Math\Math.cpp(23,19): warning C4661:         ] [C:\dev\Workphone\project_x64\Engine\cpp\Project\Workphone\Workphone.vcxproj]
  (compiling source file '../../../../../Engine/cpp/Source/Workphone/Math/Math.cpp')
      C:\dev\Workphone\Engine\cpp\Include\Workphone\Math\Math.hpp(89,29):
      see declaration of 'workphone::Math<workphone::s8>::RangedRandom'
  
C:\dev\Workphone\Engine\cpp\Source\Workphone\Math\Math.cpp(23,19): warning C4661: 'bool workphone::Math<workphone::s8>::isFinite(T)': no suitable definition provided for explicit template instantiation request [C:\dev\Workphone\project_x64\Engine\cpp\Project\Workphone\Workphone.vcxproj]
C:\dev\Workphone\Engine\cpp\Source\Workphone\Math\Math.cpp(23,19): warning C4661:         with [C:\dev\Workphone\project_x64\Engine\cpp\Project\Workphone\Workphone.vcxproj]
C:\dev\Workphone\Engine\cpp\Source\Workphone\Math\Math.cpp(23,19): warning C4661:         [ [C:\dev\Workphone\project_x64\Engine\cpp\Project\Workphone\Workphone.vcxproj]
C:\dev\Workphone\Engine\cpp\Source\Workphone\Math\Math.cpp(23,19): warning C4661:             T=workphone::s8 [C:\dev\Workphone\project_x64\Engine\cpp\Project\Workphone\Workphone.vcxproj]
C:\dev\Workphone\Engine\cpp\Source\Workphone\Math\Math.cpp(23,19): warning C4661:         ] [C:\dev\Workphone\project_x64\Engine\cpp\Project\Workphone\Workphone.vcxproj]
  (compiling source file '../../../../../Engine/cpp/Source/Workphone/Math/Math.cpp')
      C:\dev\Workphone\Engine\cpp\Include\Workphone\Math\Math.hpp(104,32):
      see declaration of 'workphone::Math<workphone::s8>::isFinite'
  
C:\dev\Workphone\Engine\cpp\Source\Workphone\Math\Math.cpp(23,19): warning C4661: 'bool workphone::Math<workphone::s8>::isNaN(T)': no suitable definition provided for explicit template instantiation request [C:\dev\Workphone\project_x64\Engine\cpp\Project\Workphone\Workphone.vcxproj]
C:\dev\Workphone\Engine\cpp\Source\Workphone\Math\Math.cpp(23,19): warning C4661:         with [C:\dev\Workphone\project_x64\Engine\cpp\Project\Workphone\Workphone.vcxproj]
C:\dev\Workphone\Engine\cpp\Source\Workphone\Math\Math.cpp(23,19): warning C4661:         [ [C:\dev\Workphone\project_x64\Engine\cpp\Project\Workphone\Workphone.vcxproj]
C:\dev\Workphone\Engine\cpp\Source\Workphone\Math\Math.cpp(23,19): warning C4661:             T=workphone::s8 [C:\dev\Workphone\project_x64\Engine\cpp\Project\Workphone\Workphone.vcxproj]
C:\dev\Workphone\Engine\cpp\Source\Workphone\Math\Math.cpp(23,19): warning C4661:         ] [C:\dev\Workphone\project_x64\Engine\cpp\Project\Workphone\Workphone.vcxproj]
  (compiling source file '../../../../../Engine/cpp/Source/Workphone/Math/Math.cpp')
      C:\dev\Workphone\Engine\cpp\Include\Workphone\Math\Math.hpp(107,32):
      see declaration of 'workphone::Math<workphone::s8>::isNaN'
  
C:\dev\Workphone\Engine\cpp\Source\Workphone\Math\Math.cpp(23,19): warning C4661: 'bool workphone::Math<workphone::s8>::equals(T,T,T)': no suitable definition provided for explicit template instantiation request [C:\dev\Workphone\project_x64\Engine\cpp\Project\Workphone\Workphone.vcxproj]
C:\dev\Workphone\Engine\cpp\Source\Workphone\Math\Math.cpp(23,19): warning C4661:         with [C:\dev\Workphone\project_x64\Engine\cpp\Project\Workphone\Workphone.vcxproj]
C:\dev\Workphone\Engine\cpp\Source\Workphone\Math\Math.cpp(23,19): warning C4661:         [ [C:\dev\Workphone\project_x64\Engine\cpp\Project\Workphone\Workphone.vcxproj]
C:\dev\Workphone\Engine\cpp\Source\Workphone\Math\Math.cpp(23,19): warning C4661:             T=workphone::s8 [C:\dev\Workphone\project_x64\Engine\cpp\Project\Workphone\Workphone.vcxproj]
C:\dev\Workphone\Engine\cpp\Source\Workphone\Math\Math.cpp(23,19): warning C4661:         ] [C:\dev\Workphone\project_x64\Engine\cpp\Project\Workphone\Workphone.vcxproj]
  (compiling source file '../../../../../Engine/cpp/Source/Workphone/Math/Math.cpp')
      C:\dev\Workphone\Engine\cpp\Include\Workphone\Math\Math.hpp(110,32):
      see declaration of 'workphone::Math<workphone::s8>::equals'
  
C:\dev\Workphone\Engine\cpp\Source\Workphone\Math\Math.cpp(26,19): warning C4661: 'T workphone::Math<T>::RangedRandom(T,T,workphone::s32)': no suitable definition provided for explicit template instantiation request [C:\dev\Workphone\project_x64\Engine\cpp\Project\Workphone\Workphone.vcxproj]
C:\dev\Workphone\Engine\cpp\Source\Workphone\Math\Math.cpp(26,19): warning C4661:         with [C:\dev\Workphone\project_x64\Engine\cpp\Project\Workphone\Workphone.vcxproj]
C:\dev\Workphone\Engine\cpp\Source\Workphone\Math\Math.cpp(26,19): warning C4661:         [ [C:\dev\Workphone\project_x64\Engine\cpp\Project\Workphone\Workphone.vcxproj]
C:\dev\Workphone\Engine\cpp\Source\Workphone\Math\Math.cpp(26,19): warning C4661:             T=workphone::u8 [C:\dev\Workphone\project_x64\Engine\cpp\Project\Workphone\Workphone.vcxproj]
C:\dev\Workphone\Engine\cpp\Source\Workphone\Math\Math.cpp(26,19): warning C4661:         ] [C:\dev\Workphone\project_x64\Engine\cpp\Project\Workphone\Workphone.vcxproj]
  (compiling source file '../../../../../Engine/cpp/Source/Workphone/Math/Math.cpp')
      C:\dev\Workphone\Engine\cpp\Include\Workphone\Math\Math.hpp(89,29):
      see declaration of 'workphone::Math<workphone::u8>::RangedRandom'
  
C:\dev\Workphone\Engine\cpp\Source\Workphone\Math\Math.cpp(26,19): warning C4661: 'bool workphone::Math<workphone::u8>::isFinite(T)': no suitable definition provided for explicit template instantiation request [C:\dev\Workphone\project_x64\Engine\cpp\Project\Workphone\Workphone.vcxproj]
C:\dev\Workphone\Engine\cpp\Source\Workphone\Math\Math.cpp(26,19): warning C4661:         with [C:\dev\Workphone\project_x64\Engine\cpp\Project\Workphone\Workphone.vcxproj]
C:\dev\Workphone\Engine\cpp\Source\Workphone\Math\Math.cpp(26,19): warning C4661:         [ [C:\dev\Workphone\project_x64\Engine\cpp\Project\Workphone\Workphone.vcxproj]
C:\dev\Workphone\Engine\cpp\Source\Workphone\Math\Math.cpp(26,19): warning C4661:             T=workphone::u8 [C:\dev\Workphone\project_x64\Engine\cpp\Project\Workphone\Workphone.vcxproj]
C:\dev\Workphone\Engine\cpp\Source\Workphone\Math\Math.cpp(26,19): warning C4661:         ] [C:\dev\Workphone\project_x64\Engine\cpp\Project\Workphone\Workphone.vcxproj]
  (compiling source file '../../../../../Engine/cpp/Source/Workphone/Math/Math.cpp')
      C:\dev\Workphone\Engine\cpp\Include\Workphone\Math\Math.hpp(104,32):
      see declaration of 'workphone::Math<workphone::u8>::isFinite'
  
C:\dev\Workphone\Engine\cpp\Source\Workphone\Math\Math.cpp(26,19): warning C4661: 'bool workphone::Math<workphone::u8>::isNaN(T)': no suitable definition provided for explicit template instantiation request [C:\dev\Workphone\project_x64\Engine\cpp\Project\Workphone\Workphone.vcxproj]
C:\dev\Workphone\Engine\cpp\Source\Workphone\Math\Math.cpp(26,19): warning C4661:         with [C:\dev\Workphone\project_x64\Engine\cpp\Project\Workphone\Workphone.vcxproj]
C:\dev\Workphone\Engine\cpp\Source\Workphone\Math\Math.cpp(26,19): warning C4661:         [ [C:\dev\Workphone\project_x64\Engine\cpp\Project\Workphone\Workphone.vcxproj]
C:\dev\Workphone\Engine\cpp\Source\Workphone\Math\Math.cpp(26,19): warning C4661:             T=workphone::u8 [C:\dev\Workphone\project_x64\Engine\cpp\Project\Workphone\Workphone.vcxproj]
C:\dev\Workphone\Engine\cpp\Source\Workphone\Math\Math.cpp(26,19): warning C4661:         ] [C:\dev\Workphone\project_x64\Engine\cpp\Project\Workphone\Workphone.vcxproj]
  (compiling source file '../../../../../Engine/cpp/Source/Workphone/Math/Math.cpp')
      C:\dev\Workphone\Engine\cpp\Include\Workphone\Math\Math.hpp(107,32):
      see declaration of 'workphone::Math<workphone::u8>::isNaN'
  
C:\dev\Workphone\Engine\cpp\Source\Workphone\Math\Math.cpp(26,19): warning C4661: 'bool workphone::Math<workphone::u8>::equals(T,T,T)': no suitable definition provided for explicit template instantiation request [C:\dev\Workphone\project_x64\Engine\cpp\Project\Workphone\Workphone.vcxproj]
C:\dev\Workphone\Engine\cpp\Source\Workphone\Math\Math.cpp(26,19): warning C4661:         with [C:\dev\Workphone\project_x64\Engine\cpp\Project\Workphone\Workphone.vcxproj]
C:\dev\Workphone\Engine\cpp\Source\Workphone\Math\Math.cpp(26,19): warning C4661:         [ [C:\dev\Workphone\project_x64\Engine\cpp\Project\Workphone\Workphone.vcxproj]
C:\dev\Workphone\Engine\cpp\Source\Workphone\Math\Math.cpp(26,19): warning C4661:             T=workphone::u8 [C:\dev\Workphone\project_x64\Engine\cpp\Project\Workphone\Workphone.vcxproj]
C:\dev\Workphone\Engine\cpp\Source\Workphone\Math\Math.cpp(26,19): warning C4661:         ] [C:\dev\Workphone\project_x64\Engine\cpp\Project\Workphone\Workphone.vcxproj]
  (compiling source file '../../../../../Engine/cpp/Source/Workphone/Math/Math.cpp')
      C:\dev\Workphone\Engine\cpp\Include\Workphone\Math\Math.hpp(110,32):
      see declaration of 'workphone::Math<workphone::u8>::equals'
  
C:\dev\Workphone\Engine\cpp\Source\Workphone\Math\Math.cpp(29,20): warning C4661: 'T workphone::Math<T>::RangedRandom(T,T,workphone::s32)': no suitable definition provided for explicit template instantiation request [C:\dev\Workphone\project_x64\Engine\cpp\Project\Workphone\Workphone.vcxproj]
C:\dev\Workphone\Engine\cpp\Source\Workphone\Math\Math.cpp(29,20): warning C4661:         with [C:\dev\Workphone\project_x64\Engine\cpp\Project\Workphone\Workphone.vcxproj]
C:\dev\Workphone\Engine\cpp\Source\Workphone\Math\Math.cpp(29,20): warning C4661:         [ [C:\dev\Workphone\project_x64\Engine\cpp\Project\Workphone\Workphone.vcxproj]
C:\dev\Workphone\Engine\cpp\Source\Workphone\Math\Math.cpp(29,20): warning C4661:             T=workphone::s16 [C:\dev\Workphone\project_x64\Engine\cpp\Project\Workphone\Workphone.vcxproj]
C:\dev\Workphone\Engine\cpp\Source\Workphone\Math\Math.cpp(29,20): warning C4661:         ] [C:\dev\Workphone\project_x64\Engine\cpp\Project\Workphone\Workphone.vcxproj]
  (compiling source file '../../../../../Engine/cpp/Source/Workphone/Math/Math.cpp')
      C:\dev\Workphone\Engine\cpp\Include\Workphone\Math\Math.hpp(89,29):
      see declaration of 'workphone::Math<workphone::s16>::RangedRandom'
  
C:\dev\Workphone\Engine\cpp\Source\Workphone\Math\Math.cpp(29,20): warning C4661: 'bool workphone::Math<workphone::s16>::isFinite(T)': no suitable definition provided for explicit template instantiation request [C:\dev\Workphone\project_x64\Engine\cpp\Project\Workphone\Workphone.vcxproj]
C:\dev\Workphone\Engine\cpp\Source\Workphone\Math\Math.cpp(29,20): warning C4661:         with [C:\dev\Workphone\project_x64\Engine\cpp\Project\Workphone\Workphone.vcxproj]
C:\dev\Workphone\Engine\cpp\Source\Workphone\Math\Math.cpp(29,20): warning C4661:         [ [C:\dev\Workphone\project_x64\Engine\cpp\Project\Workphone\Workphone.vcxproj]
C:\dev\Workphone\Engine\cpp\Source\Workphone\Math\Math.cpp(29,20): warning C4661:             T=workphone::s16 [C:\dev\Workphone\project_x64\Engine\cpp\Project\Workphone\Workphone.vcxproj]
C:\dev\Workphone\Engine\cpp\Source\Workphone\Math\Math.cpp(29,20): warning C4661:         ] [C:\dev\Workphone\project_x64\Engine\cpp\Project\Workphone\Workphone.vcxproj]
  (compiling source file '../../../../../Engine/cpp/Source/Workphone/Math/Math.cpp')
      C:\dev\Workphone\Engine\cpp\Include\Workphone\Math\Math.hpp(104,32):
      see declaration of 'workphone::Math<workphone::s16>::isFinite'
  
C:\dev\Workphone\Engine\cpp\Source\Workphone\Math\Math.cpp(29,20): warning C4661: 'bool workphone::Math<workphone::s16>::isNaN(T)': no suitable definition provided for explicit template instantiation request [C:\dev\Workphone\project_x64\Engine\cpp\Project\Workphone\Workphone.vcxproj]
C:\dev\Workphone\Engine\cpp\Source\Workphone\Math\Math.cpp(29,20): warning C4661:         with [C:\dev\Workphone\project_x64\Engine\cpp\Project\Workphone\Workphone.vcxproj]
C:\dev\Workphone\Engine\cpp\Source\Workphone\Math\Math.cpp(29,20): warning C4661:         [ [C:\dev\Workphone\project_x64\Engine\cpp\Project\Workphone\Workphone.vcxproj]
C:\dev\Workphone\Engine\cpp\Source\Workphone\Math\Math.cpp(29,20): warning C4661:             T=workphone::s16 [C:\dev\Workphone\project_x64\Engine\cpp\Project\Workphone\Workphone.vcxproj]
C:\dev\Workphone\Engine\cpp\Source\Workphone\Math\Math.cpp(29,20): warning C4661:         ] [C:\dev\Workphone\project_x64\Engine\cpp\Project\Workphone\Workphone.vcxproj]
  (compiling source file '../../../../../Engine/cpp/Source/Workphone/Math/Math.cpp')
      C:\dev\Workphone\Engine\cpp\Include\Workphone\Math\Math.hpp(107,32):
      see declaration of 'workphone::Math<workphone::s16>::isNaN'
  
C:\dev\Workphone\Engine\cpp\Source\Workphone\Math\Math.cpp(29,20): warning C4661: 'bool workphone::Math<workphone::s16>::equals(T,T,T)': no suitable definition provided for explicit template instantiation request [C:\dev\Workphone\project_x64\Engine\cpp\Project\Workphone\Workphone.vcxproj]
C:\dev\Workphone\Engine\cpp\Source\Workphone\Math\Math.cpp(29,20): warning C4661:         with [C:\dev\Workphone\project_x64\Engine\cpp\Project\Workphone\Workphone.vcxproj]
C:\dev\Workphone\Engine\cpp\Source\Workphone\Math\Math.cpp(29,20): warning C4661:         [ [C:\dev\Workphone\project_x64\Engine\cpp\Project\Workphone\Workphone.vcxproj]
C:\dev\Workphone\Engine\cpp\Source\Workphone\Math\Math.cpp(29,20): warning C4661:             T=workphone::s16 [C:\dev\Workphone\project_x64\Engine\cpp\Project\Workphone\Workphone.vcxproj]
C:\dev\Workphone\Engine\cpp\Source\Workphone\Math\Math.cpp(29,20): warning C4661:         ] [C:\dev\Workphone\project_x64\Engine\cpp\Project\Workphone\Workphone.vcxproj]
  (compiling source file '../../../../../Engine/cpp/Source/Workphone/Math/Math.cpp')
      C:\dev\Workphone\Engine\cpp\Include\Workphone\Math\Math.hpp(110,32):
      see declaration of 'workphone::Math<workphone::s16>::equals'
  
C:\dev\Workphone\Engine\cpp\Source\Workphone\Math\Math.cpp(32,20): warning C4661: 'T workphone::Math<T>::RangedRandom(T,T,workphone::s32)': no suitable definition provided for explicit template instantiation request [C:\dev\Workphone\project_x64\Engine\cpp\Project\Workphone\Workphone.vcxproj]
C:\dev\Workphone\Engine\cpp\Source\Workphone\Math\Math.cpp(32,20): warning C4661:         with [C:\dev\Workphone\project_x64\Engine\cpp\Project\Workphone\Workphone.vcxproj]
C:\dev\Workphone\Engine\cpp\Source\Workphone\Math\Math.cpp(32,20): warning C4661:         [ [C:\dev\Workphone\project_x64\Engine\cpp\Project\Workphone\Workphone.vcxproj]
C:\dev\Workphone\Engine\cpp\Source\Workphone\Math\Math.cpp(32,20): warning C4661:             T=workphone::u16 [C:\dev\Workphone\project_x64\Engine\cpp\Project\Workphone\Workphone.vcxproj]
C:\dev\Workphone\Engine\cpp\Source\Workphone\Math\Math.cpp(32,20): warning C4661:         ] [C:\dev\Workphone\project_x64\Engine\cpp\Project\Workphone\Workphone.vcxproj]
  (compiling source file '../../../../../Engine/cpp/Source/Workphone/Math/Math.cpp')
      C:\dev\Workphone\Engine\cpp\Include\Workphone\Math\Math.hpp(89,29):
      see declaration of 'workphone::Math<workphone::u16>::RangedRandom'
  
C:\dev\Workphone\Engine\cpp\Source\Workphone\Math\Math.cpp(32,20): warning C4661: 'bool workphone::Math<workphone::u16>::isFinite(T)': no suitable definition provided for explicit template instantiation request [C:\dev\Workphone\project_x64\Engine\cpp\Project\Workphone\Workphone.vcxproj]
C:\dev\Workphone\Engine\cpp\Source\Workphone\Math\Math.cpp(32,20): warning C4661:         with [C:\dev\Workphone\project_x64\Engine\cpp\Project\Workphone\Workphone.vcxproj]
C:\dev\Workphone\Engine\cpp\Source\Workphone\Math\Math.cpp(32,20): warning C4661:         [ [C:\dev\Workphone\project_x64\Engine\cpp\Project\Workphone\Workphone.vcxproj]
C:\dev\Workphone\Engine\cpp\Source\Workphone\Math\Math.cpp(32,20): warning C4661:             T=workphone::u16 [C:\dev\Workphone\project_x64\Engine\cpp\Project\Workphone\Workphone.vcxproj]
C:\dev\Workphone\Engine\cpp\Source\Workphone\Math\Math.cpp(32,20): warning C4661:         ] [C:\dev\Workphone\project_x64\Engine\cpp\Project\Workphone\Workphone.vcxproj]
  (compiling source file '../../../../../Engine/cpp/Source/Workphone/Math/Math.cpp')
      C:\dev\Workphone\Engine\cpp\Include\Workphone\Math\Math.hpp(104,32):
      see declaration of 'workphone::Math<workphone::u16>::isFinite'
  
C:\dev\Workphone\Engine\cpp\Source\Workphone\Math\Math.cpp(32,20): warning C4661: 'bool workphone::Math<workphone::u16>::isNaN(T)': no suitable definition provided for explicit template instantiation request [C:\dev\Workphone\project_x64\Engine\cpp\Project\Workphone\Workphone.vcxproj]
C:\dev\Workphone\Engine\cpp\Source\Workphone\Math\Math.cpp(32,20): warning C4661:         with [C:\dev\Workphone\project_x64\Engine\cpp\Project\Workphone\Workphone.vcxproj]
C:\dev\Workphone\Engine\cpp\Source\Workphone\Math\Math.cpp(32,20): warning C4661:         [ [C:\dev\Workphone\project_x64\Engine\cpp\Project\Workphone\Workphone.vcxproj]
C:\dev\Workphone\Engine\cpp\Source\Workphone\Math\Math.cpp(32,20): warning C4661:             T=workphone::u16 [C:\dev\Workphone\project_x64\Engine\cpp\Project\Workphone\Workphone.vcxproj]
C:\dev\Workphone\Engine\cpp\Source\Workphone\Math\Math.cpp(32,20): warning C4661:         ] [C:\dev\Workphone\project_x64\Engine\cpp\Project\Workphone\Workphone.vcxproj]
  (compiling source file '../../../../../Engine/cpp/Source/Workphone/Math/Math.cpp')
      C:\dev\Workphone\Engine\cpp\Include\Workphone\Math\Math.hpp(107,32):
      see declaration of 'workphone::Math<workphone::u16>::isNaN'
  
C:\dev\Workphone\Engine\cpp\Source\Workphone\Math\Math.cpp(32,20): warning C4661: 'bool workphone::Math<workphone::u16>::equals(T,T,T)': no suitable definition provided for explicit template instantiation request [C:\dev\Workphone\project_x64\Engine\cpp\Project\Workphone\Workphone.vcxproj]
C:\dev\Workphone\Engine\cpp\Source\Workphone\Math\Math.cpp(32,20): warning C4661:         with [C:\dev\Workphone\project_x64\Engine\cpp\Project\Workphone\Workphone.vcxproj]
C:\dev\Workphone\Engine\cpp\Source\Workphone\Math\Math.cpp(32,20): warning C4661:         [ [C:\dev\Workphone\project_x64\Engine\cpp\Project\Workphone\Workphone.vcxproj]
C:\dev\Workphone\Engine\cpp\Source\Workphone\Math\Math.cpp(32,20): warning C4661:             T=workphone::u16 [C:\dev\Workphone\project_x64\Engine\cpp\Project\Workphone\Workphone.vcxproj]
C:\dev\Workphone\Engine\cpp\Source\Workphone\Math\Math.cpp(32,20): warning C4661:         ] [C:\dev\Workphone\project_x64\Engine\cpp\Project\Workphone\Workphone.vcxproj]
  (compiling source file '../../../../../Engine/cpp/Source/Workphone/Math/Math.cpp')
      C:\dev\Workphone\Engine\cpp\Include\Workphone\Math\Math.hpp(110,32):
      see declaration of 'workphone::Math<workphone::u16>::equals'
  
C:\dev\Workphone\Engine\cpp\Source\Workphone\Math\Math.cpp(38,20): warning C4661: 'T workphone::Math<T>::RangedRandom(T,T,workphone::s32)': no suitable definition provided for explicit template instantiation request [C:\dev\Workphone\project_x64\Engine\cpp\Project\Workphone\Workphone.vcxproj]
C:\dev\Workphone\Engine\cpp\Source\Workphone\Math\Math.cpp(38,20): warning C4661:         with [C:\dev\Workphone\project_x64\Engine\cpp\Project\Workphone\Workphone.vcxproj]
C:\dev\Workphone\Engine\cpp\Source\Workphone\Math\Math.cpp(38,20): warning C4661:         [ [C:\dev\Workphone\project_x64\Engine\cpp\Project\Workphone\Workphone.vcxproj]
C:\dev\Workphone\Engine\cpp\Source\Workphone\Math\Math.cpp(38,20): warning C4661:             T=workphone::u32 [C:\dev\Workphone\project_x64\Engine\cpp\Project\Workphone\Workphone.vcxproj]
C:\dev\Workphone\Engine\cpp\Source\Workphone\Math\Math.cpp(38,20): warning C4661:         ] [C:\dev\Workphone\project_x64\Engine\cpp\Project\Workphone\Workphone.vcxproj]
  (compiling source file '../../../../../Engine/cpp/Source/Workphone/Math/Math.cpp')
      C:\dev\Workphone\Engine\cpp\Include\Workphone\Math\Math.hpp(89,29):
      see declaration of 'workphone::Math<workphone::u32>::RangedRandom'
  
C:\dev\Workphone\Engine\cpp\Source\Workphone\Math\Math.cpp(38,20): warning C4661: 'bool workphone::Math<workphone::u32>::isFinite(T)': no suitable definition provided for explicit template instantiation request [C:\dev\Workphone\project_x64\Engine\cpp\Project\Workphone\Workphone.vcxproj]
C:\dev\Workphone\Engine\cpp\Source\Workphone\Math\Math.cpp(38,20): warning C4661:         with [C:\dev\Workphone\project_x64\Engine\cpp\Project\Workphone\Workphone.vcxproj]
C:\dev\Workphone\Engine\cpp\Source\Workphone\Math\Math.cpp(38,20): warning C4661:         [ [C:\dev\Workphone\project_x64\Engine\cpp\Project\Workphone\Workphone.vcxproj]
C:\dev\Workphone\Engine\cpp\Source\Workphone\Math\Math.cpp(38,20): warning C4661:             T=workphone::u32 [C:\dev\Workphone\project_x64\Engine\cpp\Project\Workphone\Workphone.vcxproj]
C:\dev\Workphone\Engine\cpp\Source\Workphone\Math\Math.cpp(38,20): warning C4661:         ] [C:\dev\Workphone\project_x64\Engine\cpp\Project\Workphone\Workphone.vcxproj]
  (compiling source file '../../../../../Engine/cpp/Source/Workphone/Math/Math.cpp')
      C:\dev\Workphone\Engine\cpp\Include\Workphone\Math\Math.hpp(104,32):
      see declaration of 'workphone::Math<workphone::u32>::isFinite'
  
C:\dev\Workphone\Engine\cpp\Source\Workphone\Math\Math.cpp(38,20): warning C4661: 'bool workphone::Math<workphone::u32>::isNaN(T)': no suitable definition provided for explicit template instantiation request [C:\dev\Workphone\project_x64\Engine\cpp\Project\Workphone\Workphone.vcxproj]
C:\dev\Workphone\Engine\cpp\Source\Workphone\Math\Math.cpp(38,20): warning C4661:         with [C:\dev\Workphone\project_x64\Engine\cpp\Project\Workphone\Workphone.vcxproj]
C:\dev\Workphone\Engine\cpp\Source\Workphone\Math\Math.cpp(38,20): warning C4661:         [ [C:\dev\Workphone\project_x64\Engine\cpp\Project\Workphone\Workphone.vcxproj]
C:\dev\Workphone\Engine\cpp\Source\Workphone\Math\Math.cpp(38,20): warning C4661:             T=workphone::u32 [C:\dev\Workphone\project_x64\Engine\cpp\Project\Workphone\Workphone.vcxproj]
C:\dev\Workphone\Engine\cpp\Source\Workphone\Math\Math.cpp(38,20): warning C4661:         ] [C:\dev\Workphone\project_x64\Engine\cpp\Project\Workphone\Workphone.vcxproj]
  (compiling source file '../../../../../Engine/cpp/Source/Workphone/Math/Math.cpp')
      C:\dev\Workphone\Engine\cpp\Include\Workphone\Math\Math.hpp(107,32):
      see declaration of 'workphone::Math<workphone::u32>::isNaN'
  
C:\dev\Workphone\Engine\cpp\Source\Workphone\Math\Math.cpp(38,20): warning C4661: 'bool workphone::Math<workphone::u32>::equals(T,T,T)': no suitable definition provided for explicit template instantiation request [C:\dev\Workphone\project_x64\Engine\cpp\Project\Workphone\Workphone.vcxproj]
C:\dev\Workphone\Engine\cpp\Source\Workphone\Math\Math.cpp(38,20): warning C4661:         with [C:\dev\Workphone\project_x64\Engine\cpp\Project\Workphone\Workphone.vcxproj]
C:\dev\Workphone\Engine\cpp\Source\Workphone\Math\Math.cpp(38,20): warning C4661:         [ [C:\dev\Workphone\project_x64\Engine\cpp\Project\Workphone\Workphone.vcxproj]
C:\dev\Workphone\Engine\cpp\Source\Workphone\Math\Math.cpp(38,20): warning C4661:             T=workphone::u32 [C:\dev\Workphone\project_x64\Engine\cpp\Project\Workphone\Workphone.vcxproj]
C:\dev\Workphone\Engine\cpp\Source\Workphone\Math\Math.cpp(38,20): warning C4661:         ] [C:\dev\Workphone\project_x64\Engine\cpp\Project\Workphone\Workphone.vcxproj]
  (compiling source file '../../../../../Engine/cpp/Source/Workphone/Math/Math.cpp')
      C:\dev\Workphone\Engine\cpp\Include\Workphone\Math\Math.hpp(110,32):
      see declaration of 'workphone::Math<workphone::u32>::equals'
  
C:\dev\Workphone\Engine\cpp\Source\Workphone\Math\Math.cpp(475,14): warning C4309: '<': truncation of constant value [C:\dev\Workphone\project_x64\Engine\cpp\Project\Workphone\Workphone.vcxproj]
  (compiling source file '../../../../../Engine/cpp/Source/Workphone/Math/Math.cpp')
      C:\dev\Workphone\Engine\cpp\Source\Workphone\Math\Math.cpp(475,14):
      the template instantiation context (the oldest one first) is
          C:\dev\Workphone\Engine\cpp\Source\Workphone\Math\Math.cpp(38,20):
          see reference to class template instantiation 'workphone::Math<workphone::u32>' being compiled
          C:\dev\Workphone\Engine\cpp\Source\Workphone\Math\Math.cpp(474,5):
          while compiling class template member function 'T workphone::Math<T>::ACos(T)'
          with
          [
              T=workphone::u32
          ]
  
C:\dev\Workphone\Engine\cpp\Source\Workphone\Math\Math.cpp(404,14): warning C4309: '<': truncation of constant value [C:\dev\Workphone\project_x64\Engine\cpp\Project\Workphone\Workphone.vcxproj]
  (compiling source file '../../../../../Engine/cpp/Source/Workphone/Math/Math.cpp')
      C:\dev\Workphone\Engine\cpp\Source\Workphone\Math\Math.cpp(404,14):
      the template instantiation context (the oldest one first) is
          C:\dev\Workphone\Engine\cpp\Source\Workphone\Math\Math.cpp(403,5):
          while compiling class template member function 'T workphone::Math<T>::ASin(T)'
          with
          [
              T=workphone::u32
          ]
  
  MathUtil.cpp
  Matrix2.cpp
  Matrix3.cpp
  Matrix4.cpp
  OBB3.cpp
  PerlinNoiseGenerator.cpp
  Plane3.cpp
  Polygon2.cpp
  Polygon3.cpp
  Quaternion.cpp
  Ray3.cpp
  Rect.cpp
  RotationalSpline3.cpp
  Segment.cpp
  Smooth.cpp
  Sphere2.cpp
  Sphere3.cpp
  Transform2.cpp
  Transform3.cpp
  Generating Code...
  Compiling...
  Triangle3.cpp
  ValueLookup.cpp
  Vector2.cpp
  Vector3.cpp
  Vector4.cpp
  VectorRate.cpp
  CoroutineData.cpp
  FactoryUtil.cpp
  Memory.cpp
  MemoryPool.cpp
  MemoryTracker.cpp
  SharedObjectTracker.cpp
  TypeManager.cpp
  Bone.cpp
  CollisionSubMesh.cpp
  EdgeData.cpp
  FoliageLoader.cpp
  FoliageMesh.cpp
  FoliageSubMesh.cpp
  IndexBuffer.cpp
  Generating Code...
  Compiling...
  LinkedSkeletonAnimationSource.cpp
  MeshConverter.cpp
  MeshImposterGenerator.cpp
  MeshLodUsage.cpp
  MeshManager.cpp
  MeshPose.cpp
  MeshResource.cpp
  MeshSerializer.cpp
  MeshSerializerImpl.cpp
  MeshSkeleton.cpp
  MeshTransformData.cpp
  MeshUtil.cpp
  ProgressiveMeshOptions.cpp
  ShadowMaskBaker.cpp
  SubMesh.cpp
  UVLookup.cpp
  UVLookupReader.cpp
  UVLookupReaderBin.cpp
  UVLookupReaderXML.cpp
  UVLookupWriter.cpp
  Generating Code...
  Compiling...
  UVLookupWritterBin.cpp
  UVLookupWritterXML.cpp
  Vertex.cpp
  VertexBoneAssignment.cpp
  VertexBuffer.cpp
  VertexDeclaration.cpp
  VertexElement.cpp
  XMLMeshSerializer.cpp
  XMLSkeletonSerializer.cpp
  BoxShape2.cpp
  BoxShape3.cpp
  CapsuleController.cpp
  ConstraintD6.cpp
  ConstraintDrive.cpp
  ConstraintFixed3.cpp
  ConstraintLimit.cpp
  MeshShape.cpp
  PhysicsConstraint.cpp
  PhysicsConstraint2.cpp
  PhysicsConstraint3.cpp
  Generating Code...
  Compiling...
  PhysicsManager.cpp
  PhysicsMaterial3.cpp
  PhysicsScene3.cpp
  PhysicsShape.cpp
  PhysicsShape2.cpp
  PhysicsShape3.cpp
  PlaneShape.cpp
  RaycastHit.cpp
  RigidDynamic3.cpp
  RigidStatic3.cpp
  SphereShape.cpp
  TerrainShape.cpp
  CameraManager.cpp
  AnimatedMaterial.cpp
  AudioEmitter.cpp
  Billboards.cpp
  Camera.cpp
  CameraController.cpp
  CameraFollow.cpp
  CameraTarget.cpp
  Generating Code...
  Compiling...
  EditorCameraController.cpp
  FPSCameraController.cpp
  SphericalCameraController.cpp
  ThirdPersonCameraController.cpp
  VehicleCameraController.cpp
  CarController.cpp
  CharacterController.cpp
  Collision.cpp
  CollisionBox.cpp
  CollisionPlane.cpp
  CollisionSphere.cpp
  CollisionTerrain.cpp
  Component.cpp
  ComponentEvent.cpp
C:\dev\Workphone\Engine\cpp\Source\Workphone\Scene\Components\ComponentEvent.cpp(100,42): warning C4101: 'e': unreferenced local variable [C:\dev\Workphone\project_x64\Engine\cpp\Project\Workphone\Workphone.vcxproj]
  (compiling source file '../../../../../Engine/cpp/Source/Workphone/Scene/Components/ComponentEvent.cpp')
  
  ComponentEventListener.cpp
  Constraint.cpp
  Cubemap.cpp
  CutscenePlayer.cpp
  FiniteStateMachine.cpp
  LODGroup.cpp
  Generating Code...
  Compiling...
  Light.cpp
  MeshRenderer.cpp
  NetworkListener.cpp
  NetworkPlayer.cpp
  NetworkStream.cpp
  NetworkView.cpp
  ProceduralMeshComponent.cpp
  ProceduralRaceScene.cpp
  ProceduralRaceSceneBuilder.cpp
  ProceduralRoad.cpp
  ProceduralSky.cpp
  ProceduralSurfaceTexture.cpp
  ProceduralVehicle.cpp
  Renderer.cpp
  Rigidbody.cpp
  RigidbodyListener.cpp
  Script.cpp
  SkyboxPanorama.cpp
  SubComponent.cpp
  TerrainBlendMap.cpp
  Generating Code...
  Compiling...
  TerrainGrassLayer.cpp
  TerrainLayer.cpp
  TerrainSystem.cpp
  TerrainTreeLayer.cpp
  Button.cpp
  Dropdown.cpp
  GridLayout.cpp
  HorizontalLayout.cpp
  InputField.cpp
  Layout.cpp
  LayoutContainer.cpp
  LayoutTransform.cpp
  ScrollBar.cpp
  ScrollView.cpp
  Slider.cpp
  TabItem.cpp
  TabPage.cpp
  TabView.cpp
  TableCell.cpp
  TableLayout.cpp
  Generating Code...
  Compiling...
  Text.cpp
  Thumbnail.cpp
  Toggle.cpp
  ToggleGroup.cpp
  ToolTip.cpp
  UIComponent.cpp
  VerticalLayout.cpp
  VehicleController.cpp
  VideoPlayer.cpp
  Cutscene.cpp
  ButtonDirector.cpp
  GraphicsSettingsDirector.cpp
  LightingDirector.cpp
  MaterialResourceDirector.cpp
  MeshResourceDirector.cpp
  PanelDirector.cpp
  ResourceDirector.cpp
  SoundResourceDirector.cpp
  TextDirector.cpp
  TextureResourceDirector.cpp
  Generating Code...
  Compiling...
  UiDialogDirector.cpp
  UiDirector.cpp
  UiElementDirector.cpp
  GameActor.cpp
  GameActorUtil.cpp
  GameEditor.cpp
  GameManager.cpp
  GamePrefab.cpp
  GamePrefabManager.cpp
  GameScene.cpp
  GameSceneBuilder.cpp
  ComponentSystem.cpp
  LODSystem.cpp
  LayoutTransformSystem.cpp
  Transform.cpp
  TransformSystem.cpp
  UiUtil.cpp
  ScriptClass.cpp
  ScriptEvent.cpp
  ScriptFile.cpp
  Generating Code...
  Compiling...
  ScriptFunction.cpp
  ScriptGenerator.cpp
  ScriptInvoker.cpp
  ScriptVariable.cpp
  Sound.cpp
  SoundEvent.cpp
  SoundEventGroup.cpp
  SoundEventParam.cpp
  SoundListener3.cpp
  SoundManager.cpp
  SoundProject.cpp
  StateFrameData.cpp
  StateMessage.cpp
  StateMessageAnimationEnable.cpp
  StateMessageAttributes.cpp
  StateMessageBlendMapValue.cpp
  StateMessageBuffer.cpp
  StateMessageContact2.cpp
  StateMessageDefault.cpp
  StateMessageDirty.cpp
  Generating Code...
  Compiling...
  StateMessageDrawLine.cpp
  StateMessageFloatValue.cpp
  StateMessageFragmentParam.cpp
  StateMessageIntValue.cpp
  StateMessageJobStatus.cpp
  StateMessageLoad.cpp
  StateMessageMaterial.cpp
  StateMessageMaterialName.cpp
  StateMessageObject.cpp
  StateMessageObjectsArray.cpp
  StateMessageOrientation.cpp
  StateMessageParamVector4.cpp
  StateMessagePlay.cpp
  StateMessageProperties.cpp
  StateMessageSetFlag.cpp
  StateMessageSetTexture.cpp
  StateMessageSkyBox.cpp
  StateMessageStandard.cpp
  StateMessageStop.cpp
  StateMessageStringValue.cpp
  Generating Code...
  Compiling...
  StateMessageText.cpp
  StateMessageTransform3.cpp
  StateMessageType.cpp
  StateMessageUIntValue.cpp
  StateMessageVector2.cpp
  StateMessageVector3.cpp
  StateMessageVector4.cpp
  StateMessageVisible.cpp
  StatePhysicsDynamicState2.cpp
  StatePhysicsForce2.cpp
  StatePhysicsPosition2.cpp
  StatePhysicsVelocity2.cpp
  AmbientLightStateData.cpp
  ApplicationStateData.cpp
  BoundingBoxStateData.cpp
  BoxShapeStateData.cpp
  CameraStateData.cpp
  CompositorStateData.cpp
  ConstraintD6StateData.cpp
  ConstraintFixedStateData.cpp
  Generating Code...
  Compiling...
  ConstraintStateData.cpp
  FlagsStateData.cpp
  FrustumStateData.cpp
  GraphicsMeshState.cpp
  GraphicsObjectData.cpp
  GraphicsSceneState.cpp
  InputState.cpp
  LightAttenuationStateData.cpp
  LightStateData.cpp
  MaterialPassStateData.cpp
  MaterialStateData.cpp
  MaterialTechniqueStateData.cpp
  MaterialTextureStateData.cpp
  MeshShapeStateData.cpp
  OverlayContainerState.cpp
  OverlayElementState.cpp
  OverlayState.cpp
  OverlayTextState.cpp
  PhysicsBodyMassState.cpp
  PhysicsBodyMotionState.cpp
  Generating Code...
  Compiling...
  PhysicsBodyState.cpp
  PhysicsMaterialStateData.cpp
  PhysicsSceneState.cpp
  PlaneShapeState.cpp
  RenderTargetStateData.cpp
  RenderTextureState.cpp
  RigidbodyState.cpp
  SceneNodeStateData.cpp
  ShapeStateData.cpp
  SkyStateData.cpp
  SoundManagerStateData.cpp
  SoundStateData.cpp
  SphereShapeStateData.cpp
  State.cpp
  StateData.cpp
  TerrainStateData.cpp
  TextureSamplerState.cpp
  TextureStateData.cpp
  TransformStateData.cpp
  UIAnchorStateData.cpp
  Generating Code...
  Compiling...
  UIDragStateData.cpp
  UIDropdownStateData.cpp
  UIElementStateData.cpp
  UIImageStateData.cpp
  UILayoutStateData.cpp
  UIProgressBarStateData.cpp
  UISliderStateData.cpp
  UITextStateData.cpp
  UIToggleStateData.cpp
  UITransformStateData.cpp
  UIWindowStateData.cpp
  VehicleStateData.cpp
  ViewportStateData.cpp
  WindowStateData.cpp
  ApplicationManager.cpp
  AsyncOperation.cpp
  CommandManager.cpp
  CommandManagerMT.cpp
  CompiledResource.cpp
  ConfigFile.cpp
  Generating Code...
  Compiling...
  DebugUtil.cpp
  Director.cpp
  FSM.cpp
  FSMListener.cpp
  FSMManager.cpp
  Factory.cpp
  FactoryManager.cpp
  FileSelection.cpp
  FrameGrabberStandard.cpp
  FrameStatistics.cpp
  Job.cpp
  JobCoroutine.cpp
  JobFunction.cpp
  JobGroupBase.cpp
  JobQueue.cpp
  JobQueueMT.cpp
  JobYield.cpp
  Manipulator.cpp
  MessageBox.cpp
  PackageManager.cpp
  Generating Code...
  Compiling...
  Plugin.cpp
  PluginManager.cpp
  ProcessManager.cpp
  Profile.cpp
  Profiler.cpp
  ProjectManager.cpp
  ResourceCompiler.cpp
  ResourceCompilerRegistry.cpp
  ResourceHeader.cpp
  ResourceID.cpp
  ResourceSystem.cpp
  RotateManipulator.cpp
  ScaleManipulator.cpp
  SelectionManager.cpp
  Settings.cpp
  StateContext.cpp
  StateManager.cpp
  StateQueue.cpp
  Task.cpp
  TaskLock.cpp
  Generating Code...
  Compiling...
  TaskManager.cpp
  ThreadDebug.cpp
  ThreadPool.cpp
  Timer.cpp
  TimerBoost.cpp
  TimerCPU.cpp
  TimerChrono.cpp
  TimerMT.cpp
  TimerWin32.cpp
  TranslateManipulator.cpp
  WaitForSeconds.cpp
  WindowMessageData.cpp
  WorkerThread.cpp
  Rhyming.cpp
  RhymingOptimised.cpp
  TicTacToe.cpp
  CircleFake.cpp
  ShapeFake.cpp
  Sound2Fake.cpp
  Sound3Fake.cpp
  Generating Code...
  Compiling...
  SoundFake.cpp
  MockActor.cpp
  Sound2Mock.cpp
  Sound3Mock.cpp
  SoundMock.cpp
  TestUtil.cpp
  Test.cpp
  TestActorDestroy.cpp
  TestActorLoading.cpp
  TestAtomics.cpp
  TestAutoConfiguration.cpp
  TestComponent.cpp
  TestInput.cpp
  TestManager.cpp
  TestNumIslands.cpp
  TestRandomClicking.cpp
  TestSceneChange.cpp
  TestStateChange.cpp
  TestSystemSettings.cpp
  TestVideo.cpp
  Generating Code...
  Compiling...
  RecursiveMutex.cpp
  RecursiveSpinMutex.cpp
  RecursiveSpinRWMutex.cpp
  SharedMutex.cpp
  SpinMutex.cpp
  SpinRWMutex.cpp
  Thread.cpp
  UIButton.cpp
  UIDropdown.cpp
  UIElement.cpp
  UIHorizontalLayout.cpp
  UIImage.cpp
  UILayout.cpp
  UIManager.cpp
  UIProgressBar.cpp
  UISlider.cpp
  UIText.cpp
  UITextEntry.cpp
  UIToggle.cpp
  UIVerticalLayout.cpp
  Generating Code...
  Compiling...
  UIWindow.cpp
  Vehicle.cpp
  VehicleBody.cpp
  VehicleManager.cpp
  Workphone.cpp
  WorkphonePlugin.cpp
  Generating Code...
  Animation.cpp
  Animator.cpp
  Image.cpp
  Billboard.cpp
  Material.cpp
  ParticleSystem.cpp
  RenderTexture.cpp
  Skybox.cpp
  IAnimationState.cpp
  IAnimationState.cpp
  IGraphicsBone.cpp
  IGraphicsBone.cpp
  CollisionMesh.cpp
  Mesh.cpp
  Animation.cpp
  Animator.cpp
  Billboard.cpp
  CollisionMesh.cpp
  Material.cpp
  Mesh.cpp
  ParticleSystem.cpp
  RenderTexture.cpp
  Skybox.cpp
  Image.cpp
  WheelController.cpp
  WheelController.cpp
     Creating library C:/dev/Workphone/libs/windows/v145/x64/MD/RelWithDebInfo/Workphone.lib and object C:/dev/Workphone/libs/windows/v145/x64/MD/RelWithDebInfo/Workphone.exp
  Workphone.vcxproj -> C:\dev\Workphone\bin\windows\v145\x64\MD\RelWithDebInfo\Workphone.dll
  WPAssimpPCH.cpp
  AssimpLoader.cpp
  IOStream.cpp
  LogStream.cpp
  WPAssimp.cpp
  Generating Code...
  IOSystem.cpp
     Creating library C:/dev/Workphone/libs/windows/v145/x64/MD/RelWithDebInfo/WPAssimp.lib and object C:/dev/Workphone/libs/windows/v145/x64/MD/RelWithDebInfo/WPAssimp.exp
  WPAssimp.vcxproj -> C:\dev\Workphone\bin\windows\v145\x64\MD\RelWithDebInfo\WPAssimp.dll
  ImGuiApplication.cpp
  ImGuiButton.cpp
  ImGuiCollapsingHeader.cpp
  ImGuiColourPicker.cpp
  ImGuiDataGrid.cpp
  ImGuiEventWindow.cpp
  ImGuiImage.cpp
  ImGuiInputManager.cpp
  ImGuiManager.cpp
  ImGuiMaskEditor.cpp
  ImGuiMenu.cpp
  ImGuiMenuBar.cpp
  ImGuiOutputConsole.cpp
  ImGuiProfileWindow.cpp
  ImGuiProfilerWindow.cpp
  ImGuiPropertyGrid.cpp
  ImGuiRenderWindow.cpp
  ImGuiSeparator.cpp
  ImGuiTabBar.cpp
  ImGuiTabItem.cpp
  Generating Code...
  Compiling...
  ImGuiTerrainEditor.cpp
  ImGuiText.cpp
  ImGuiTextEntry.cpp
  ImGuiToggleButton.cpp
  ImGuiTreeCtrl.cpp
  ImGuiTreeNode.cpp
  ImGuiUtil.cpp
  ImGuiVector2.cpp
  ImGuiVector3.cpp
  ImGuiVector4.cpp
  WPImGui.cpp
  Generating Code...
  WPImGui.vcxproj -> C:\dev\Workphone\libs\windows\v145\x64\MD\RelWithDebInfo\WPImGui.lib
  WorkphoneCore.vcxproj -> C:\dev\Workphone\libs\windows\v145\x64\MD\RelWithDebInfo\WorkphoneCore.lib
  WorkphoneGraphics.vcxproj -> C:\dev\Workphone\libs\windows\v145\x64\MD\RelWithDebInfo\WorkphoneGraphics.lib
  WorkphonePlatformWin32.vcxproj -> C:\dev\Workphone\libs\windows\v145\x64\MD\RelWithDebInfo\WorkphonePlatformWin32.lib
  WPClawHammerPCH.cpp
  ClawBillboard.cpp
  ClawBillboardSet.cpp
  ClawCamera.cpp
  ClawCubemap.cpp
  ClawCubemapTexture.cpp
  ClawDebug.cpp
  ClawDynamicMesh.cpp
  ClawFont.cpp
  ClawFontManager.cpp
  ClawGraphicsPipeline.cpp
  ClawHammerSystem.cpp
  ClawImguiManager.cpp
  ClawLight.cpp
  ClawLightmap.cpp
  ClawLightmapper.cpp
  ClawMaterial.cpp
  ClawMaterialManager.cpp
  ClawMaterialPass.cpp
  ClawMaterialTechnique.cpp
  ClawMaterialTexture.cpp
  Generating Code...
  Compiling...
  ClawMesh.cpp
  ClawOverlay.cpp
  ClawOverlayElementContainer.cpp
  ClawOverlayElementText.cpp
  ClawOverlayElementVector.cpp
  ClawOverlayManager.cpp
  ClawRenderTarget.cpp
  ClawRendererDX11.cpp
  ClawRendererDX12.cpp
  ClawRendererSoftware.cpp
  ClawResourceGroupManager.cpp
  ClawScene.cpp
  ClawSceneNode.cpp
  ClawShader.cpp
  ClawSky.cpp
  ClawSkybox.cpp
  ClawSkyboxCube.cpp
  ClawTerrain.cpp
  ClawTexture.cpp
  ClawTextureManager.cpp
  Generating Code...
  Compiling...
  ClawUtil.cpp
  ClawViewport.cpp
  ClawWindow.cpp
  GraphicsPipeline.cpp
  CameraVisibilitySet.cpp
  SceneNodeCullJob.cpp
  ClawPagedGeometry.cpp
  ColourAffector.cpp
  FlockAffector.cpp
  ScaleAffector.cpp
  TextureAnimator.cpp
  CParticle.cpp
  CParticleSystem.cpp
  CParticleTechnique.cpp
  BoxEmitter.cpp
  CParticleEmitter.cpp
  PointEmitter.cpp
  ParticleUpdateJob.cpp
  UpdateAffectorsJob.cpp
  UpdateEmittersJob.cpp
  Generating Code...
  Compiling...
  UpdateParticleSystemsJob.cpp
  UpdateTransformationsJob.cpp
  ParticleData.cpp
  ParticleParam.cpp
  ParticleState.cpp
  ParticleSystemManager.cpp
  BillboardRenderer.cpp
  ClawUIAnimatedMaterial.cpp
  ClawUIBar.cpp
  ClawUIButton.cpp
  ClawUICharacterSelectMenu.cpp
  ClawUICheckBox.cpp
  ClawUIContainer.cpp
  ClawUICursor.cpp
  ClawUIDial.cpp
  ClawUIDialogBox.cpp
  ClawUIElementBar.cpp
  ClawUIEvent.cpp
  ClawUIFadeEffect.cpp
  ClawUIImage.cpp
  Generating Code...
  Compiling...
  ClawUIImageArray.cpp
  ClawUIItemTemplate.cpp
  ClawUILayout.cpp
  ClawUIList.cpp
  ClawUIManager.cpp
  ClawUIMenu.cpp
  ClawUIMenuItem.cpp
  ClawUIScrollingText.cpp
  ClawUIScrollingTextElement.cpp
  ClawUISpinner.cpp
  ClawUIText.cpp
  ClawUITextEntry.cpp
  ClawUIToggleButton.cpp
  ClawUIToggleGroup.cpp
  ClawUIVector.cpp
  ClawUIWorkphoneContext.cpp
  ClawUIWorkphoneRenderer.cpp
  WPClawHammer.cpp
  WPClawHammerPrerequisites.cpp
  Generating Code...
     Creating library C:/dev/Workphone/libs/windows/v145/x64/MD/RelWithDebInfo/WPGraphics.lib and object C:/dev/Workphone/libs/windows/v145/x64/MD/RelWithDebInfo/WPGraphics.exp
  WPGraphics.vcxproj -> C:\dev\Workphone\bin\windows\v145\x64\MD\RelWithDebInfo\WPGraphics.dll
  AiBind.cpp
  AnimationBind.cpp
  ComponentBind.cpp
  ComponentsUIBind.cpp
  CoreBind.cpp
  DatabaseBind.cpp
  FSMBind.cpp
  GraphicsBind.cpp
  IOBind.cpp
  InputBind.cpp
  MathBind.cpp
  MeshBind.cpp
  NetBind.cpp
  ObjectBind.cpp
  PhysicsBind.cpp
  ProceduralBind.cpp
  SceneBind.cpp
  ScriptBind.cpp
  SoundBind.cpp
  StringBind.cpp
  Generating Code...
  Compiling...
  SystemBind.cpp
  TestBind.cpp
  UIBind.cpp
  VehicleBind.cpp
  VideoBind.cpp
  WPParamBind.cpp
  WPParamListBind.cpp
  XMLBind.cpp
  AiHelper.cpp
  AnimationControllerHelper.cpp
  DestructibleHelper.cpp
  EngineHelper.cpp
  FSMContainerHelper.cpp
  FSMHelper.cpp
  FileSystemHelper.cpp
  GraphicsContainerHelper.cpp
  GraphicsObjectHelper.cpp
  GraphicsSystemHelper.cpp
  PhysicsHelper3.cpp
  Projectile3Helper.cpp
  Generating Code...
  Compiling...
  ResourceManagerHelper.cpp
  SceneManagerHelper.cpp
  SceneNodeHelper.cpp
  ViewportHelper.cpp
  ParamConverter.cpp
  ScriptObjectFunctions.cpp
  ScriptObjectUtil.cpp
  WPLuabindTypes.cpp
  Generating Code...
  WPLuaBind.vcxproj -> C:\dev\Workphone\libs\windows\v145\x64\MD\RelWithDebInfo\WPLuaBind.lib
  LuaManager.cpp
  LuaObjectData.cpp
  NullScriptObject.cpp
  WPLua.cpp
  Generating Code...
     Creating library C:/dev/Workphone/libs/windows/v145/x64/MD/RelWithDebInfo/WPLua.lib and object C:/dev/Workphone/libs/windows/v145/x64/MD/RelWithDebInfo/WPLua.exp
WPLuaBind.lib(VehicleBind.obj) : error LNK2019: unresolved external symbol "public: static unsigned int __cdecl workphone::vehicle::IFourWheelVehicle::typeInfo(void)" (?typeInfo@IFourWheelVehicle@vehicle@workphone@@SAIXZ) referenced in function "void __cdecl workphone::bindVehicle(struct lua_State *)" (?bindVehicle@workphone@@YAXPEAUlua_State@@@Z) [C:\dev\Workphone\project_x64\Engine\cpp\Project\WPLua\WPLua.vcxproj]
WPLuaBind.lib(VehicleBind.obj) : error LNK2019: unresolved external symbol "public: static unsigned int __cdecl workphone::vehicle::ITruckVehicle::typeInfo(void)" (?typeInfo@ITruckVehicle@vehicle@workphone@@SAIXZ) referenced in function "void __cdecl workphone::bindVehicle(struct lua_State *)" (?bindVehicle@workphone@@YAXPEAUlua_State@@@Z) [C:\dev\Workphone\project_x64\Engine\cpp\Project\WPLua\WPLua.vcxproj]
WPLuaBind.lib(VehicleBind.obj) : error LNK2019: unresolved external symbol "public: static unsigned int __cdecl workphone::vehicle::IAircraftPlane::typeInfo(void)" (?typeInfo@IAircraftPlane@vehicle@workphone@@SAIXZ) referenced in function "void __cdecl workphone::bindVehicle(struct lua_State *)" (?bindVehicle@workphone@@YAXPEAUlua_State@@@Z) [C:\dev\Workphone\project_x64\Engine\cpp\Project\WPLua\WPLua.vcxproj]
C:\dev\Workphone\bin\windows\v145\x64\MD\RelWithDebInfo\WPLua.dll : fatal error LNK1120: 3 unresolved externals [C:\dev\Workphone\project_x64\Engine\cpp\Project\WPLua\WPLua.vcxproj]
  WorkphoneCollision.vcxproj -> C:\dev\Workphone\libs\windows\v145\x64\MD\RelWithDebInfo\WorkphoneCollision.lib
  WorkphonePhysics.vcxproj -> C:\dev\Workphone\libs\windows\v145\x64\MD\RelWithDebInfo\WorkphonePhysics.lib
  WPPhysicsPCH.cpp
  WPPhysics.cpp
  WPPhysicsBody2.cpp
  WPPhysicsBoxShape2.cpp
  WPPhysicsBoxShape3.cpp
  WPPhysicsConstraint.cpp
  WPPhysicsConstraint2.cpp
  WPPhysicsConstraint3.cpp
  WPPhysicsConstraintD6.cpp
  WPPhysicsConstraintDrive.cpp
  WPPhysicsConstraintFixed2.cpp
  WPPhysicsConstraintFixed3.cpp
  WPPhysicsConstraintLimit.cpp
  WPPhysicsConstraintLinearLimit.cpp
  WPPhysicsManager2.cpp
  WPPhysicsManager3.cpp
  WPPhysicsMassData2.cpp
  WPPhysicsMaterial2.cpp
  WPPhysicsMaterial3.cpp
  WPPhysicsMeshShape3.cpp
  WPPhysicsNativeBoxShape2.cpp
  Generating Code...
  Compiling...
  WPPhysicsNativeRigidBody2.cpp
  WPPhysicsNativeSphereShape2.cpp
  WPPhysicsParticle2.cpp
  WPPhysicsPlaneShape3.cpp
  WPPhysicsPolygon2.cpp
  WPPhysicsRigidBody2.cpp
  WPPhysicsRigidDynamic3.cpp
  WPPhysicsRigidStatic3.cpp
  WPPhysicsScene2.cpp
  WPPhysicsScene3.cpp
  WPPhysicsShape2.cpp
  WPPhysicsShape3T.cpp
  WPPhysicsSphereShape2.cpp
  WPPhysicsSphereShape3.cpp
  WPPhysicsSpring.cpp
  WPPhysicsTerrainShape3.cpp
  WPPhysicsUtil.cpp
  WPPhysicsVehicle3.cpp
  Generating Code...
     Creating library C:/dev/Workphone/libs/windows/v145/x64/MD/RelWithDebInfo/WPPhysics.lib and object C:/dev/Workphone/libs/windows/v145/x64/MD/RelWithDebInfo/WPPhysics.exp
  WPPhysics.vcxproj -> C:\dev\Workphone\bin\windows\v145\x64\MD\RelWithDebInfo\WPPhysics.dll
  SQLiteDatabase.cpp
  SQLiteObfuscateCodec.cpp
  SQLiteQuery.cpp
  WPSQLite.cpp
  Generating Code...
     Creating library C:/dev/Workphone/libs/windows/v145/x64/MD/RelWithDebInfo/WPSQLite.lib and object C:/dev/Workphone/libs/windows/v145/x64/MD/RelWithDebInfo/WPSQLite.exp
  WPSQLite.vcxproj -> C:\dev\Workphone\bin\windows\v145\x64\MD\RelWithDebInfo\WPSQLite.dll
