MSBuild version 18.10.1-1.26427.6+3cd27c13e for .NET Framework

  GameManager.cpp
  Workphone.vcxproj -> C:\dev\Workphone\bin\windows\v145\x64\MD\RelWithDebInfo\Workphone.dll
  WPAssimp.vcxproj -> C:\dev\Workphone\bin\windows\v145\x64\MD\RelWithDebInfo\WPAssimp.dll
  WPImGui.vcxproj -> C:\dev\Workphone\libs\windows\v145\x64\MD\RelWithDebInfo\WPImGui.lib
  WorkphoneCore.vcxproj -> C:\dev\Workphone\libs\windows\v145\x64\MD\RelWithDebInfo\WorkphoneCore.lib
  WorkphoneGraphics.vcxproj -> C:\dev\Workphone\libs\windows\v145\x64\MD\RelWithDebInfo\WorkphoneGraphics.lib
  WorkphonePlatformWin32.vcxproj -> C:\dev\Workphone\libs\windows\v145\x64\MD\RelWithDebInfo\WorkphonePlatformWin32.lib
  ClawMesh.cpp
  WPGraphics.vcxproj -> C:\dev\Workphone\bin\windows\v145\x64\MD\RelWithDebInfo\WPGraphics.dll
  WPLuaBind.vcxproj -> C:\dev\Workphone\libs\windows\v145\x64\MD\RelWithDebInfo\WPLuaBind.lib
  WPLua.vcxproj -> C:\dev\Workphone\bin\windows\v145\x64\MD\RelWithDebInfo\WPLua.dll
  WorkphoneCollision.vcxproj -> C:\dev\Workphone\libs\windows\v145\x64\MD\RelWithDebInfo\WorkphoneCollision.lib
  WorkphonePhysics.vcxproj -> C:\dev\Workphone\libs\windows\v145\x64\MD\RelWithDebInfo\WorkphonePhysics.lib
  WPPhysics.vcxproj -> C:\dev\Workphone\bin\windows\v145\x64\MD\RelWithDebInfo\WPPhysics.dll
  WPSQLite.vcxproj -> C:\dev\Workphone\bin\windows\v145\x64\MD\RelWithDebInfo\WPSQLite.dll
  Editor.vcxproj -> C:\dev\Workphone\bin\windows\v145\x64\MD\RelWithDebInfo\Editor.exe
MSBuild version 18.10.1-1.26427.6+3cd27c13e for .NET Framework

  Workphone.vcxproj -> C:\dev\Workphone\bin\windows\v145\x64\MD\RelWithDebInfo\Workphone.dll
  WPImGui.vcxproj -> C:\dev\Workphone\libs\windows\v145\x64\MD\RelWithDebInfo\WPImGui.lib
  WorkphoneCore.vcxproj -> C:\dev\Workphone\libs\windows\v145\x64\MD\RelWithDebInfo\WorkphoneCore.lib
  WorkphoneGraphics.vcxproj -> C:\dev\Workphone\libs\windows\v145\x64\MD\RelWithDebInfo\WorkphoneGraphics.lib
  WorkphonePlatformWin32.vcxproj -> C:\dev\Workphone\libs\windows\v145\x64\MD\RelWithDebInfo\WorkphonePlatformWin32.lib
  WPGraphics.vcxproj -> C:\dev\Workphone\bin\windows\v145\x64\MD\RelWithDebInfo\WPGraphics.dll
  WPProcedural.vcxproj -> C:\dev\Workphone\bin\windows\v145\x64\MD\RelWithDebInfo\WPProcedural.dll
  SampleVehicleAdvanced.vcxproj -> C:\dev\Workphone\bin\windows\v145\x64\MD\RelWithDebInfo\SampleVehicleAdvanced.exe
MSBuild version 18.10.1-1.26427.6+3cd27c13e for .NET Framework

  Workphone.vcxproj -> C:\dev\Workphone\bin\windows\v145\x64\MD\RelWithDebInfo\Workphone.dll
  WPImGui.vcxproj -> C:\dev\Workphone\libs\windows\v145\x64\MD\RelWithDebInfo\WPImGui.lib
  WorkphoneCore.vcxproj -> C:\dev\Workphone\libs\windows\v145\x64\MD\RelWithDebInfo\WorkphoneCore.lib
  WorkphoneGraphics.vcxproj -> C:\dev\Workphone\libs\windows\v145\x64\MD\RelWithDebInfo\WorkphoneGraphics.lib
  WorkphonePlatformWin32.vcxproj -> C:\dev\Workphone\libs\windows\v145\x64\MD\RelWithDebInfo\WorkphonePlatformWin32.lib
  WPGraphics.vcxproj -> C:\dev\Workphone\bin\windows\v145\x64\MD\RelWithDebInfo\WPGraphics.dll
  WPLuaBind.vcxproj -> C:\dev\Workphone\libs\windows\v145\x64\MD\RelWithDebInfo\WPLuaBind.lib
  WorkphoneCollision.vcxproj -> C:\dev\Workphone\libs\windows\v145\x64\MD\RelWithDebInfo\WorkphoneCollision.lib
  WorkphonePhysics.vcxproj -> C:\dev\Workphone\libs\windows\v145\x64\MD\RelWithDebInfo\WorkphonePhysics.lib
  WPPhysics.vcxproj -> C:\dev\Workphone\bin\windows\v145\x64\MD\RelWithDebInfo\WPPhysics.dll
  WPProcedural.vcxproj -> C:\dev\Workphone\bin\windows\v145\x64\MD\RelWithDebInfo\WPProcedural.dll
  WPSQLite.vcxproj -> C:\dev\Workphone\bin\windows\v145\x64\MD\RelWithDebInfo\WPSQLite.dll
  WPVehiclePhysics.vcxproj -> C:\dev\Workphone\bin\windows\v145\x64\MD\RelWithDebInfo\WPVehiclePhysics.dll
  Building Custom Rule C:/dev/Workphone/Tests/cpp/UnitTests/CMakeLists.txt
  ActorCoreTests.cpp
  ActorSmoothMotionTests.cpp
C:\dev\Workphone\Tests\cpp\UnitTests\ActorCoreTests.cpp(58,72): warning C4267: 'argument': conversion from 'size_t' to 'workphone::u32', possible loss of data [C:\dev\Workphone\project_x64\Tests\cpp\UnitTests\UnitTests.vcxproj]
  ActorTransformTests.cpp
  AeroTests.cpp
  AeroTestsCallback.cpp
  AiTests.cpp
  AnimationGraphTests.cpp
  AnimationIKTests.cpp
  ApplicationTests.cpp
  ArrayTests.cpp
  AtomicTests.cpp
  BoundingVolumeHierarchyTests.cpp
C:\dev\Workphone\Tests\cpp\UnitTests\ArrayTests.cpp(80,14): warning C4267: 'initializing': conversion from 'size_t' to 'int', possible loss of data [C:\dev\Workphone\project_x64\Tests\cpp\UnitTests\UnitTests.vcxproj]
C:\dev\Workphone\Tests\cpp\UnitTests\ArrayTests.cpp(104,24): warning C4267: 'initializing': conversion from 'size_t' to 'int', possible loss of data [C:\dev\Workphone\project_x64\Tests\cpp\UnitTests\UnitTests.vcxproj]
C:\dev\Workphone\Tests\cpp\UnitTests\ArrayTests.cpp(266,37): warning C4101: 'e': unreferenced local variable [C:\dev\Workphone\project_x64\Tests\cpp\UnitTests\UnitTests.vcxproj]
C:\dev\Workphone\Tests\cpp\UnitTests\ArrayTests.cpp(721,37): warning C4101: 'e': unreferenced local variable [C:\dev\Workphone\project_x64\Tests\cpp\UnitTests\UnitTests.vcxproj]
C:\dev\Workphone\Tests\cpp\UnitTests\ArrayTests.cpp(764,33): warning C4267: 'argument': conversion from 'size_t' to '_Ty', possible loss of data [C:\dev\Workphone\project_x64\Tests\cpp\UnitTests\UnitTests.vcxproj]
C:\dev\Workphone\Tests\cpp\UnitTests\ArrayTests.cpp(764,33): warning C4267:         with [C:\dev\Workphone\project_x64\Tests\cpp\UnitTests\UnitTests.vcxproj]
C:\dev\Workphone\Tests\cpp\UnitTests\ArrayTests.cpp(764,33): warning C4267:         [ [C:\dev\Workphone\project_x64\Tests\cpp\UnitTests\UnitTests.vcxproj]
C:\dev\Workphone\Tests\cpp\UnitTests\ArrayTests.cpp(764,33): warning C4267:             _Ty=int [C:\dev\Workphone\project_x64\Tests\cpp\UnitTests\UnitTests.vcxproj]
C:\dev\Workphone\Tests\cpp\UnitTests\ArrayTests.cpp(764,33): warning C4267:         ] [C:\dev\Workphone\project_x64\Tests\cpp\UnitTests\UnitTests.vcxproj]
C:\dev\Workphone\Tests\cpp\UnitTests\BoundingVolumeHierarchyTests.cpp(33,48): warning C4267: 'argument': conversion from 'size_t' to 'int', possible loss of data [C:\dev\Workphone\project_x64\Tests\cpp\UnitTests\UnitTests.vcxproj]
  ComponentPhysicsColliders.cpp
  ComponentPhysicsDynamicBody.cpp
  ComponentPhysicsStaticBody.cpp
  ComponentTests.cpp
  ComponentTestsCamera.cpp
  ComponentTestsCameraComposite.cpp
  ComponentTestsCameraRTT.cpp
  ComponentTestsCollision.cpp
  ComponentTestsGraphics.cpp
  ComponentTestsMesh.cpp
  ComponentTestsMeshRenderer.cpp
  ComponentTestsNetwork.cpp
  ComponentTestsParticleSystem.cpp
  ComponentTestsPhysics.cpp
  ComponentTestsSkybox.cpp
  ComponentTestsTerrain.cpp
  ComponentTestsTerrainPhysics.cpp
  ComponentTestsUI.cpp
  ComponentTestsVehicle.cpp
  ConcurrentFixedArrayGrowableTests.cpp
  CoreContainerTests.cpp
  DatabaseTests.cpp
  DesignTests.cpp
  EventTests.cpp
  FactoryTests.cpp
  FileSystemTests.cpp
  FixedArrayGrowableTests.cpp
  FsmTests.cpp
  GameCameraManagerTests.cpp
  GameManagerTests.cpp
  GameSceneAsyncLoadingTests.cpp
  GameSceneLoadingTests.cpp
  GameSceneSavingTests.cpp
  GameSceneTests.cpp
  GameSceneUnloadingTests.cpp
  GameTestFixture.cpp
  GraphicsCameraTests.cpp
  GraphicsMaterialLodTests.cpp
  GraphicsMaterialPassTests.cpp
  GraphicsMaterialTests.cpp
  GraphicsMaterialTextureTests.cpp
  GraphicsOverlayTests.cpp
  GraphicsRenderTargetTests.cpp
  GraphicsSceneNodeTests.cpp
  GraphicsShaderTests.cpp
  GraphicsSystemTests.cpp
  GraphicsTerrainTests.cpp
  GraphicsTestFixture.cpp
  GraphicsTextureTests.cpp
  GraphicsWindowTests.cpp
  GridTests.cpp
  JobQueueTests.cpp
  JsonWriterTests.cpp
  LODSystemTests.cpp
  LightmapperTests.cpp
  MathTests.cpp
  MathTestsAABB2.cpp
  MathTestsAABB3.cpp
  MathTestsMatrix2.cpp
  MathTestsMatrix3.cpp
  MathTestsMatrix4.cpp
  MathTestsPolygon2.cpp
  MathTestsQuaternion.cpp
  MathTestsSphere.cpp
  MathTestsSpline.cpp
  MathTestsVector2.cpp
  MathTestsVector3.cpp
  MemoryTests.cpp
  MeshTest.cpp
  NetworkClientTests.cpp
  NetworkServerTests.cpp
  ParameterTests.cpp
  ParticleSystemTests.cpp
  PhysicsMeshTests.cpp
  PhysicsTerrainTests.cpp
  PhysicsTests.cpp
  PluginManagerTests.cpp
  PoolTests.cpp
  PrefabTests.cpp
  ProceduralCityTests.cpp
  ProceduralLSystem.cpp
  ProceduralTests.cpp
  ProceduralVehicleTests.cpp
  ProductionResourceSystemTests.cpp
  ProgressiveMeshOptionsTests.cpp
  ProjectTests.cpp
  PropertiesTests.cpp
  PythonTests.cpp
  ReflectionTests.cpp
  ResourceDatabaseTests.cpp
  RttiTests.cpp
  SceneCameraInputTests.cpp
  ScriptTests.cpp
C:\dev\Workphone\Dependencies\boost\boost/bind.hpp(41): message : The practice of declaring the Bind placeholders (_1, _2, ...) in the global namespace is deprecated. Please use <boost/bind/bind.hpp> + using namespace boost::placeholders, or define BOOST_BIND_GLOBAL_PLACEHOLDERS to retain the current behavior. [C:\dev\Workphone\project_x64\Tests\cpp\UnitTests\UnitTests.vcxproj]
  SkyboxPanoramaGeneratorTests.cpp
  SmartPointerTests.cpp
  SoundTests.cpp
  SplineTests.cpp
  SqliteTests.cpp
  StateManagerTests.cpp
  StateObjectTests.cpp
  StringTests.cpp
  StringUtilityTests.cpp
  TaskManagerTests.cpp
  TerrainTests.cpp
  TestGuard.cpp
  TestUtilAlgorithmTests.cpp
  ThreadPoolTests.cpp
  ThreadingRegressionTests.cpp
  ThreadingTests.cpp
  TreeTests.cpp
  TypeInfoTests.cpp
  TypeManagerFixture.cpp
  UnitTests.cpp
  UnitTestsFixture.cpp
  UnityPluginTests.cpp
  VehicleTests.cpp
  WPPhysicsNativeCollisionTests.cpp
  WheelControllerTests.cpp
  main.cpp
